Filesystem volume name:   <none>
Last mounted on:          /
Filesystem UUID:          f5b266c0-2a28-4d8b-9775-c0f0c9807838
Filesystem magic number:  0xEF53
Filesystem revision #:    1 (dynamic)
Filesystem features:      has_journal ext_attr resize_inode dir_index filetype needs_recovery extent flex_bg sparse_super large_file huge_file uninit_bg dir_nlink extra_isize
Filesystem flags:         signed_directory_hash 
Default mount options:    user_xattr acl
Filesystem state:         clean
Errors behavior:          Continue
Filesystem OS type:       Linux
Inode count:              10354688
Block count:              41418752
Reserved block count:     2070937
Free blocks:              29985783
Free inodes:              9852114
First block:              0
Block size:               4096
Fragment size:            4096
Reserved GDT blocks:      1014
Blocks per group:         32768
Fragments per group:      32768
Inodes per group:         8192
Inode blocks per group:   512
Flex block group size:    16
Filesystem created:       Mon Apr 18 00:05:38 2016
Last mount time:          Wed Jun 22 02:45:36 2016
Last write time:          Wed Jun 22 02:45:35 2016
Mount count:              47
Maximum mount count:      -1
Last checked:             Mon Apr 18 00:05:38 2016
Check interval:           0 (<none>)
Lifetime writes:          98 GB
Reserved blocks uid:      0 (user root)
Reserved blocks gid:      0 (group root)
First inode:              11
Inode size:	          256
Required extra isize:     28
Desired extra isize:      28
Journal inode:            8
First orphan inode:       7341995
Default directory hash:   half_md4
Directory Hash Seed:      623d1042-2b99-46c9-b3ef-6836f9041568
Journal backup:           inode blocks
Journal features:         journal_incompat_revoke
日志大小:             128M
Journal length:           32768
Journal sequence:         0x000578ed
Journal start:            16901


Group 0: (Blocks 0-32767) [ITABLE_ZEROED]
  Checksum 0xc77b, unused inodes 3284
  主 superblock at 0, Group descriptors at 1-10
  保留的GDT块位于 11-1024
  Block bitmap at 1025 (+1025), Inode bitmap at 1041 (+1041)
  Inode表位于 1057-1568 (+1057)
  22814 free blocks, 5611 free inodes, 593 directories, 3284个未使用的inodes
  可用块数: 9346-9348, 9356, 9358, 9399-9400, 9405, 9407, 9409, 9500, 9505-9514, 9516-9517, 9519-9528, 9530-9599, 9721-9772, 9909, 10022, 10032, 10112-32767
  可用inode数: 549-551, 564-565, 583-586, 591-592, 596-597, 1447, 2431, 2593-2599, 2601-2602, 2604, 2606-2613, 2615-8192
Group 1: (Blocks 32768-65535) [INODE_UNINIT, ITABLE_ZEROED]
  Checksum 0xa2df, unused inodes 8192
  备份 superblock at 32768, Group descriptors at 32769-32778
  保留的GDT块位于 32779-33792
  Block bitmap at 1026 (bg #0 + 1026), Inode bitmap at 1042 (bg #0 + 1042)
  Inode表位于 1569-2080 (bg #0 + 1569)
  3538 free blocks, 8192 free inodes, 0 directories, 8192个未使用的inodes
  可用块数: 37084-37087, 37115-37345, 37348-37357, 37536-37614, 38698, 51456-51711, 51968-52607, 52864-52991, 53376-54143, 54189-54207, 54784-55295, 55485, 55488-55519, 55534-55535, 55631-55663, 55757, 55760-55823, 55836, 55840-55871, 55968-55983, 55992, 56064-56079, 56094, 56112-56127, 56176-56447, 56576-56703, 56832-56895, 57088-57279, 57307, 57319, 57328-57343
  可用inode数: 8193-16384
Group 2: (Blocks 65536-98303) [INODE_UNINIT, ITABLE_ZEROED]
  Checksum 0xc970, unused inodes 8192
  Block bitmap at 1027 (bg #0 + 1027), Inode bitmap at 1043 (bg #0 + 1043)
  Inode表位于 2081-2592 (bg #0 + 2081)
  12456 free blocks, 8192 free inodes, 0 directories, 8192个未使用的inodes
  可用块数: 65536-65551, 65584-65599, 65653-65679, 65720-65791, 65960-65983, 66000-66046, 68599-68607, 71680-71935, 72111-72190, 72686-73695, 73716-73951, 73979-74047, 74066-74079, 74107-75231, 75250-75455, 75498-75583, 75607-75615, 75640-75647, 75756-76223, 76257-76735, 76790-76799, 76909-76927, 77036-77055, 77188-77215, 77238-77247, 77304-77311, 77424-77439, 77544-77567, 77677-77695, 77801-77823, 77979-77983, 78007-78015, 78037-78047, 78069-78079, 78322-78335, 78419-78431, 78450-78463, 78519-78527, 78583-78591, 78613-78623, 78645-78655, 78711-78719, 78774-78783, 78839-78847, 80264-80287, 80309-80319, 80341-80351, 80373-80383, 80410-80415, 80434-80447, 80485-80511, 80634-80639, 80685-80703, 80743-80767, 80868-80895, 81584-81599, 81644-81663, 81788-81791, 81919, 82057-82079, 82105-82111, 82164-82175, 82401-82431, 82487-82495, 82517-82527, 82601-82623, 82660-82687, 82891-82911, 82942-82943, 83228-83231, 83259-83263, 83322-83327, 83387-83391, 83451-83455, 83728-83743, 83768-83775, 83839, 83873-83903, 83965-83967, 84268-84287, 84347-84351, 84414-84415, 84433-84447, 84666-84671, 84717-84735, 84839-84863, 84891-84895, 84916-84927, 84974-84991, 86498-86527, 86734-86751, 86779-86783, 86984-87007, 87035-87039, 88529-88543, 88571-88575, 88777-88799, 88817-88831, 88865-88895, 88933-88959, 88994-89023, 89076-89087, 89220-90111, 92160-98303
  可用inode数: 16385-24576
Group 3: (Blocks 98304-131071) [INODE_UNINIT, ITABLE_ZEROED]
  Checksum 0x60c8, unused inodes 8192
  备份 superblock at 98304, Group descriptors at 98305-98314
  保留的GDT块位于 98315-99328
  Block bitmap at 1028 (bg #0 + 1028), Inode bitmap at 1044 (bg #0 + 1044)
  Inode表位于 2593-3104 (bg #0 + 2593)
  1048 free blocks, 8192 free inodes, 0 directories, 8192个未使用的inodes
  可用块数: 99491-99567, 100258-100351, 113914-114687, 130969-131071
  可用inode数: 24577-32768
Group 4: (Blocks 131072-163839) [INODE_UNINIT, ITABLE_ZEROED]
  Checksum 0xc9c1, unused inodes 8192
  Block bitmap at 1029 (bg #0 + 1029), Inode bitmap at 1045 (bg #0 + 1045)
  Inode表位于 3105-3616 (bg #0 + 3105)
  3356 free blocks, 8192 free inodes, 0 directories, 8192个未使用的inodes
  可用块数: 133674-133966, 134326-137215, 151538-151551, 159585-159743
  可用inode数: 32769-40960
Group 5: (Blocks 163840-196607) [INODE_UNINIT, ITABLE_ZEROED]
  Checksum 0x7bc2, unused inodes 8192
  备份 superblock at 163840, Group descriptors at 163841-163850
  保留的GDT块位于 163851-164864
  Block bitmap at 1030 (bg #0 + 1030), Inode bitmap at 1046 (bg #0 + 1046)
  Inode表位于 3617-4128 (bg #0 + 3617)
  29337 free blocks, 8192 free inodes, 0 directories, 8192个未使用的inodes
  可用块数: 166444-166576, 166585-166655, 166663-166719, 166759-166783, 166849-166879, 166897-167199, 167226-167295, 167297-167327, 167349-167423, 167429-167455, 167508-167647, 167669-178463, 178484-178815, 178819-179199, 179212-179213, 179218-179711, 179974-184959, 184961-184963, 184965-184968, 184974-184975, 184977, 184980-184981, 184983-184992, 184994, 184996-184998, 185000, 185004-185006, 185008-185009, 185011-185012, 185014-185022, 185024-185855, 185958-186111, 186253-196607
  可用inode数: 40961-49152
Group 6: (Blocks 196608-229375) [INODE_UNINIT, ITABLE_ZEROED]
  Checksum 0x1aec, unused inodes 8192
  Block bitmap at 1031 (bg #0 + 1031), Inode bitmap at 1047 (bg #0 + 1047)
  Inode表位于 4129-4640 (bg #0 + 4129)
  15344 free blocks, 8192 free inodes, 0 directories, 8192个未使用的inodes
  可用块数: 197681-212991, 227295-227327
  可用inode数: 49153-57344
Group 7: (Blocks 229376-262143) [INODE_UNINIT, ITABLE_ZEROED]
  Checksum 0xd49e, unused inodes 8192
  备份 superblock at 229376, Group descriptors at 229377-229386
  保留的GDT块位于 229387-230400
  Block bitmap at 1032 (bg #0 + 1032), Inode bitmap at 1048 (bg #0 + 1048)
  Inode表位于 4641-5152 (bg #0 + 4641)
  19332 free blocks, 8192 free inodes, 0 directories, 8192个未使用的inodes
  可用块数: 233209-233471, 235520-241663, 243075-249855, 251904-258047
  可用inode数: 57345-65536
Group 8: (Blocks 262144-294911) [INODE_UNINIT, ITABLE_ZEROED]
  Checksum 0xf71b, unused inodes 8192
  Block bitmap at 1033 (bg #0 + 1033), Inode bitmap at 1049 (bg #0 + 1049)
  Inode表位于 5153-5664 (bg #0 + 5153)
  12069 free blocks, 8192 free inodes, 0 directories, 8192个未使用的inodes
  可用块数: 267352-268287, 270336-270776, 272379-272383, 278528-282623, 284225-284671, 288768-294911
  可用inode数: 65537-73728
Group 9: (Blocks 294912-327679) [INODE_UNINIT, ITABLE_ZEROED]
  Checksum 0x4705, unused inodes 8192
  备份 superblock at 294912, Group descriptors at 294913-294922
  保留的GDT块位于 294923-295936
  Block bitmap at 1034 (bg #0 + 1034), Inode bitmap at 1050 (bg #0 + 1050)
  Inode表位于 5665-6176 (bg #0 + 5665)
  31742 free blocks, 8192 free inodes, 0 directories, 8192个未使用的inodes
  可用块数: 295937-297372, 297374-327679
  可用inode数: 73729-81920
Group 10: (Blocks 327680-360447) [INODE_UNINIT, ITABLE_ZEROED]
  Checksum 0x6871, unused inodes 8192
  Block bitmap at 1035 (bg #0 + 1035), Inode bitmap at 1051 (bg #0 + 1051)
  Inode表位于 6177-6688 (bg #0 + 6177)
  32768 free blocks, 8192 free inodes, 0 directories, 8192个未使用的inodes
  可用块数: 327680-360447
  可用inode数: 81921-90112
Group 11: (Blocks 360448-393215) [INODE_UNINIT, ITABLE_ZEROED]
  Checksum 0x552e, unused inodes 8192
  Block bitmap at 1036 (bg #0 + 1036), Inode bitmap at 1052 (bg #0 + 1052)
  Inode表位于 6689-7200 (bg #0 + 6689)
  24014 free blocks, 8192 free inodes, 0 directories, 8192个未使用的inodes
  可用块数: 360448-365439, 365514-365535, 365568-376735, 376767-379807, 379826-380095, 380156-383039, 383082-383199, 383231, 383310-383327, 383358-383359, 383452-383615, 383652-383679, 383740-383743, 383934-383935, 383996-383999, 384138-384255, 384446-384511, 388162-388223, 388327-388351, 388525-388607, 388836-388863, 389000-389119, 392422-393215
  可用inode数: 90113-98304
Group 12: (Blocks 393216-425983) [INODE_UNINIT, ITABLE_ZEROED]
  Checksum 0xbd38, unused inodes 8192
  Block bitmap at 1037 (bg #0 + 1037), Inode bitmap at 1053 (bg #0 + 1053)
  Inode表位于 7201-7712 (bg #0 + 7201)
  4512 free blocks, 8192 free inodes, 0 directories, 8192个未使用的inodes
  可用块数: 393216-393343, 393446-393471, 393712-393727, 393861-393887, 393905-393919, 393956-393983, 394054-394079, 394100-394111, 394162-394175, 394233-394239, 394493-394495, 394584-394591, 394612-394623, 394642-394687, 394727-394751, 394889-394911, 394935-394943, 394979-395007, 395062-395071, 395110-395135, 395215-395231, 395250-395263, 395647, 395734-395743, 395775, 396439-396447, 396472-396479, 396527-396543, 396722-396735, 396773-396799, 398479-398495, 398527, 398571-398591, 398665-398687, 398711-398719, 398778-398783, 398822-398847, 399037-399039, 399097-399103, 399121-399135, 399165-399167, 399205-399231, 399323-399327, 399353-399359, 399983-399999, 400065-400095, 400114-400127, 400208-400223, 400383, 400460-400479, 400500-400511, 400636-400639, 400713-400735, 400760-400767, 400834-400863, 400882-401311, 401343, 401384-401407, 403370-403391, 403438-403455, 406192-406207, 406446-406463, 406511-406527, 407609-407615, 407653-407679, 407749-407775, 407805-407807, 408014-408031, 408052-408063, 408392-408415, 408438-408447, 408569-408575, 409221-409247, 409265-409279, 409327-409343, 409529-409535, 409582-409599, 409881-409887, 409907-409919, 409961-409983, 410053-410079, 410100-410111, 410853-410879, 411013-411039, 411059-411071, 411121-411135, 411869-411871, 411891-411903, 412082-412095, 412133-412159, 412434-412447, 412471-412479, 412542-412543, 412634-412671, 413861-413887, 413951, 414035-414079, 414134-414143, 414185-414207, 414532-414591, 414698-414719, 415821-415871, 415972-415999, 416221-416255, 416861-416895, 417006-417023, 417125-417727, 417764-417791, 419369-419391, 419452-419455, 419493-419519, 419554-419839, 420727-420735, 420791-420799, 420844-420863, 422140-422399, 423025-423039, 423148-423423, 423959-423999, 424039-424063, 424099-424127, 424171-424447, 424944-424959, 425778-425983
  可用inode数: 98305-106496
Group 13: (Blocks 425984-458751) [INODE_UNINIT, ITABLE_ZEROED]
  Checksum 0x90ba, unused inodes 8192
  Block bitmap at 1038 (bg #0 + 1038), Inode bitmap at 1054 (bg #0 + 1054)
  Inode表位于 7713-8224 (bg #0 + 7713)
  24935 free blocks, 8192 free inodes, 0 directories, 8192个未使用的inodes
  可用块数: 425984-428031, 428328-428351, 428414-428415, 428436-428447, 428469-428479, 428497-428511, 428536-428543, 428675-428703, 428721-428735, 428793-429055, 429390-429407, 429438-429439, 429487-429503, 429540-429567, 430475-430495, 430527, 430569-430591, 430908-430911, 430943, 430968-430975, 431031-431039, 431062-431071, 431095-431103, 431475-431487, 431541-431551, 431569-431583, 431602-431615, 431800-431807, 431852-431871, 432019-432031, 432061-432063, 432084-432095, 432116-440319, 440677-440703, 440722-440735, 440753-440767, 440816-440831, 440866-440895, 440926-445343, 445369-445375, 445394-445407, 445434-445439, 446464-455295, 455341-455359, 455412-455423, 455645-455647, 455679, 455685-455711, 455736-455743, 455788-455807, 455927-455935, 456034-456063, 456117-456127, 456175-456191, 457098-457119, 457146-457151, 457171-457183, 457214-457215, 457386-457407, 457444-457471, 457491-457535, 457593-457599, 457680-457727, 457925-458239
  可用inode数: 106497-114688
Group 14: (Blocks 458752-491519) [INODE_UNINIT, ITABLE_ZEROED]
  Checksum 0xba7e, unused inodes 8192
  Block bitmap at 1039 (bg #0 + 1039), Inode bitmap at 1055 (bg #0 + 1055)
  Inode表位于 8225-8736 (bg #0 + 8225)
  3565 free blocks, 8192 free inodes, 0 directories, 8192个未使用的inodes
  可用块数: 458949-458975, 458996-459007, 459034-459039, 459061-459071, 459090-459103, 459122-459135, 459159-459167, 459243-459263, 459870-459871, 459894-459903, 459940-459967, 460003-460031, 460104-460127, 460150-460159, 460242-460255, 460279-460287, 461883-461887, 461907-461919, 461937-461951, 462076-462079, 462275-462303, 462326-462335, 462632-462655, 462701-462719, 462805-462815, 462836-462847, 463892-463903, 463927-463935, 463998-463999, 464107-464127, 464314-464319, 464382-464831, 464894-464895, 466143, 466173-466175, 466380-466399, 466417-466431, 466818-466847, 466865-466879, 466932-466943, 467134-467135, 467198-467199, 467416-467423, 467642-467647, 467667-467679, 467697-467711, 467916-467935, 467955-467967, 468156-468159, 468188-468191, 468223, 468413-468415, 468455-468479, 468691-468703, 468724-468735, 468924-468927, 468966-468991, 469177-469183, 469223-469247, 469439, 469478-469503, 469890-469919, 469938-469951, 470013-470015, 470201-470207, 470247-470271, 470459-470463, 470502-470527, 470723-470751, 470769-470783, 471018-471039, 471795-471807, 472033-472063, 472373-472383, 472422-472447, 472525-472543, 472566-472575, 472997-473023, 473053-473055, 473073-473087, 473353-473375, 473397-473407, 473449-473471, 473539-473567, 473585-473599, 473892-473919, 473941-473951, 473973-473983, 474100-474111, 474520-474527, 474546-474559, 474581-474591, 474609-474623, 475702-475711, 475739-475743, 475766-475775, 475796-475807, 475826-475839, 475863-475871, 475893-475903, 477130-477151, 477176-477183, 479698-479711, 479731-479743, 479948-479967, 479985-479999, 480406-480415, 480433-480447, 480476-480479, 480497-480511, 480702-480703, 480742-480767, 481260-481279, 482796-482815, 483002-483007, 483060-483071, 483285-483295, 483315-483327, 483633-483647, 483688-483711, 483757-483775, 483810-483839, 484191, 484209-484223, 484253-484255, 484282-484287, 484330-484351, 484922-484927, 484949-484959, 484986-484991, 485015-485023, 485053-485055, 485073-485087, 485115-485119, 485360-485375, 485666-485695, 485719-485727, 485747-485759, 485793-485823, 485848-485855, 485877-485887, 486165-486175, 486195-486207, 486234-486239, 486263-486271, 486314-486335, 486388-486399, 486770-486783, 486837-486847, 486866-486879, 486902-486911, 487459-487487, 487532-487551, 487572-487583, 487652-487679, 487716-487743, 487797-487807, 487858-487871, 487914-487935, 488313-488319, 488357-488383, 488402-488415, 488436-488447, 488475-488479, 488500-488511, 488533-488543, 488573-488575, 488598-488607, 488661-488671, 488693-488703, 488773-488799, 488824-488831, 488852-488863, 488883-488895, 488939-488959, 489020-489023, 489041-489055, 489081-489087, 489130-489151, 489173-489183, 489201-489215, 489260-489279, 489298-489311, 489340-489343, 489368-489375, 489395-489407, 489433-489439, 489458-489471, 489538-489567, 489588-489599, 489617-489631, 489658-489663, 489709-489727, 489758-489759, 489810-489823, 489930-489951, 489970-489983, 490007-490015, 490033-490047, 490074-490079, 490098-490111, 490156-490175, 490207, 490225-490239, 490261-490271, 490302-490303, 490326-490335, 490355-490367, 490418-490431, 490468-490495, 490550-490559, 490593-490623, 490671-490687, 490709-490719, 490800-490815, 490835-490847, 490878-490879, 490924-490943, 490965-490975, 491000-491007, 491025-491039, 491069-491071, 491089-491103, 491125-491135, 491223-491231, 491259-491263, 491281-491295, 491326-491327, 491425-491455, 491513-491519
  可用inode数: 114689-122880
Group 15: (Blocks 491520-524287) [INODE_UNINIT, ITABLE_ZEROED]
  Checksum 0x7146, unused inodes 8192
  Block bitmap at 1040 (bg #0 + 1040), Inode bitmap at 1056 (bg #0 + 1056)
  Inode表位于 8737-9248 (bg #0 + 8737)
  6459 free blocks, 8192 free inodes, 0 directories, 8192个未使用的inodes
  可用块数: 491571-491583, 491639-491647, 491685-491711, 491737-491743, 491775, 491794-491807, 491876-491903, 491923-491935, 491964-491967, 491993-491999, 492024-492031, 492247-492255, 492277-492287, 492329-492351, 492374-492383, 492402-492415, 492500-492511, 492534-492543, 493844-493855, 493873-493887, 493911-493919, 493937-493951, 494002-494015, 494035-494047, 494065-494079, 494229-494239, 494257-494271, 494293-494303, 494325-494335, 494524-494527, 494547-494559, 494579-494591, 494614-494623, 494644-494655, 494681-494687, 494708-494719, 494739-494751, 494773-494783, 494820-494847, 494932-494943, 494969-494975, 495047-495071, 495094-495103, 495160-495167, 495187-495199, 495221-495231, 495263, 495286-495295, 495337-495359, 495380-495391, 495448-495455, 495479-495487, 495506-495519, 495538-495551, 495572-495583, 495614-495615, 510170-510175, 510204-510207, 510244-510271, 510291-510303, 510324-510335, 510377-510399, 510418-510431, 510453-510463, 510974-510975, 511035-511039, 511060-511071, 511093-511103, 511122-511135, 511155-511167, 511201-511231, 511252-511263, 511286-511295, 511323-511327, 511347-511359, 511386-511391, 511416-511423, 511467-511487, 511538-511551, 511569-511583, 511601-511615, 511650-511679, 511701-511711, 511740-511743, 511761-511775, 511793-511807, 511838-511839, 511857-511871, 511889-511903, 511934-511935, 511955-511967, 511986-511999, 515388-515391, 515413-515423, 515445-515455, 515474-515487, 515514-515519, 515548-515551, 515575-516095, 518308-518335, 518369-519167, 520219-520223, 520244-520255, 520274-520287, 520310-520319, 520351, 520376-520383, 520406-524287
  可用inode数: 122881-131072
Group 16: (Blocks 524288-557055) [ITABLE_ZEROED]
  Checksum 0x587f, unused inodes 7748
  Block bitmap at 524288 (+0), Inode bitmap at 524304 (+16)
  Inode表位于 524320-524831 (+32)
  24372 free blocks, 7750 free inodes, 172 directories, 7748个未使用的inodes
  可用块数: 532652, 532685-557055
  可用inode数: 131414, 131424, 131517-139264
Group 17: (Blocks 557056-589823) [INODE_UNINIT, ITABLE_ZEROED]
  Checksum 0x0624, unused inodes 8192
  Block bitmap at 524289 (bg #16 + 1), Inode bitmap at 524305 (bg #16 + 17)
  Inode表位于 524832-525343 (bg #16 + 544)
  8186 free blocks, 8192 free inodes, 0 directories, 8192个未使用的inodes
  可用块数: 557823, 557887, 557944-557951, 558012, 558015, 558072-558079, 558383, 558455-558463, 558548-558559, 558584-558591, 559004-559007, 559031-559039, 559057-559071, 559093-559103, 561328-561343, 561361-561375, 561393-561407, 561428-561439, 561457-561471, 561495-561503, 561557-561567, 561588-561599, 561631, 561652-561663, 561682-561695, 561720-561727, 561768-561791, 561812-561823, 561847-561855, 561876-561887, 561911-561919, 561939-561951, 561974-561983, 562008-562015, 562039-562047, 562163-562175, 562222-562239, 562278-562303, 562344-562367, 562391-562399, 562425-562431, 562474-562495, 562515-562527, 562545-562559, 562593-562623, 562641-562655, 562678-562687, 562722-562751, 562804-562815, 562869-562879, 562920-562943, 562961-562975, 563000-563007, 563043-563071, 563106-563135, 563153-563167, 563186-563199, 563236-563263, 563316-563327, 563365-563391, 563429-563455, 563482-563487, 563508-563519, 563538-563551, 563569-563583, 563637-563647, 563668-563679, 563705-563711, 563781-563807, 563827-563839, 563861-563871, 563889-563903, 563945-563967, 564017-564031, 564057-564063, 564085-564095, 564136-564159, 564177-564191, 564212-564223, 564261-564287, 564314-564319, 564347-564351, 564417-564447, 564465-564479, 564502-564511, 564532-564543, 564570-564575, 564594-564607, 564682-564703, 564721-564735, 564760-564767, 564798-564799, 564833-564863, 564907-564927, 564949-564959, 564982-564991, 565044-565055, 565092-565119, 565174-565183, 565231-565247, 565316-565343, 565364-565375, 565416-565439, 565471, 565491-565503, 565551-565567, 565597-565599, 565620-565631, 565674-565695, 565756-565759, 565781-565791, 565809-565823, 565911-565919, 565945-565951, 565992-566015, 566044-566047, 566075-566079, 566133-566143, 566163-566175, 566200-566207, 566235-566239, 566269-566271, 566300-566303, 566330-566335, 566361-566367, 566385-566399, 566421-566431, 566451-566463, 566481-566495, 566515-566527, 566546-566559, 566577-566591, 566619-566623, 566642-566655, 566732-566751, 566770-566783, 566802-566815, 566834-566847, 566866-566879, 566899-566911, 566961-566975, 566996-567007, 567029-567039, 567069-567071, 567091-567103, 567146-567167, 567248-567263, 567295, 567334-567359, 567408-567423, 567450-567455, 567480-567487, 567508-567519, 567551, 567674-567679, 567736-567743, 567779-567807, 567987-567999, 568044-568063, 568134-568159, 568184-568191, 568228-568255, 568290-568319, 568931-568959, 569063-569087, 569328-569343, 569777-569791, 569840-569855, 570678-570687, 570748-570751, 570788-570815, 570872-570879, 571091-571103, 571132-571135, 571224-571231, 571336-571359, 571380-571391, 571873-571903, 572783-572799, 572862-572863, 572915-572927, 573027-573055, 573175-573183, 573425-573439, 574229-574239, 574257-574271, 574331-574335, 574454-574463, 574769-574783, 574837-574847, 574923-574943, 574974-574975, 575132-575135, 575162-575167, 575228-575231, 575389-575391, 575411-575423, 575466-575487, 575750-575775, 575803-575807, 575853-575871, 575945-575967, 575986-575999, 576333-576351, 576373-576383, 576467-576479, 576497-576511, 576577-576639, 576729-576767, 576972-577023, 577156-577215, 577276-577279, 577438-577471, 577506-577535, 577799-577855, 577903-577919, 578036-578047, 578404-578431, 578508-578559, 578857-578879, 578920-578943, 579010-579071, 579462-579583, 579864-580095, 580431-580607, 580899-581119, 581307-581375, 581581-581631, 581940-582143, 582499-582655, 582874-582911, 583112-583167, 583590-583679, 585797-585983, 586150-586239, 586488-586495, 586662-586759, 586761-586770, 586776-586801, 586803-587263, 587265-587305, 587308, 587310, 587312-587316, 587318-587327, 587329-587384, 587386, 587388-587392, 587395, 587397-587446, 587448-587579, 587581-587597, 587599-587603, 587605-587607, 587610-587675, 587677, 587679-587712, 587714-587716, 587719, 587723-587727, 587729-587740, 587742-589823
  可用inode数: 139265-147456
Group 18: (Blocks 589824-622591) [INODE_UNINIT, ITABLE_ZEROED]
  Checksum 0x77dc, unused inodes 8192
  Block bitmap at 524290 (bg #16 + 2), Inode bitmap at 524306 (bg #16 + 18)
  Inode表位于 525344-525855 (bg #16 + 1056)
  31950 free blocks, 8192 free inodes, 0 directories, 8192个未使用的inodes
  可用块数: 590642-622591
  可用inode数: 147457-155648
Group 19: (Blocks 622592-655359) [INODE_UNINIT, ITABLE_ZEROED]
  Checksum 0xc39a, unused inodes 8192
  Block bitmap at 524291 (bg #16 + 3), Inode bitmap at 524307 (bg #16 + 19)
  Inode表位于 525856-526367 (bg #16 + 1568)
  32752 free blocks, 8192 free inodes, 0 directories, 8192个未使用的inodes
  可用块数: 622592-627695, 627712-655359
  可用inode数: 155649-163840
Group 20: (Blocks 655360-688127) [INODE_UNINIT, ITABLE_ZEROED]
  Checksum 0x8b42, unused inodes 8192
  Block bitmap at 524292 (bg #16 + 4), Inode bitmap at 524308 (bg #16 + 20)
  Inode表位于 526368-526879 (bg #16 + 2080)
  25370 free blocks, 8192 free inodes, 0 directories, 8192个未使用的inodes
  可用块数: 655360-656383, 657408-659972, 660027-660078, 660378-660415, 660441-664575, 668524-677887, 679936-688127
  可用inode数: 163841-172032
Group 21: (Blocks 688128-720895) [INODE_UNINIT, ITABLE_ZEROED]
  Checksum 0xcd51, unused inodes 8192
  Block bitmap at 524293 (bg #16 + 5), Inode bitmap at 524309 (bg #16 + 21)
  Inode表位于 526880-527391 (bg #16 + 2592)
  9364 free blocks, 8192 free inodes, 0 directories, 8192个未使用的inodes
  可用块数: 688128-690175, 694825-694847, 694899-695007, 695036-695135, 695154-695167, 695256-695263, 695281-695295, 696320-701055, 701132-701151, 701170-701183, 701400-701407, 701431-702079, 702188-702207, 702462-702463, 707605-707615, 707643-707647, 707691-707711, 707834-707839, 708050-708063, 708085-708095, 708372-708383, 708403-708415, 708474-708479, 708554-708575, 708633-708639, 708658-708671, 708728-708735, 708839-708863, 709013-709023, 709041-709055, 709095-709119, 709722-709727, 709747-709759, 709845-709855, 709876-709887, 710037-710047, 710067-710079, 710132-710143, 710457-710463, 710483-710495, 710515-710527, 710545-710559, 710579-710591, 710610-710623, 710641-710655, 713772-713791, 713831-713855, 713879-713887, 713914-713919, 713938-713951, 713976-713983, 714134-714143, 714166-714175, 714221-714239, 714655, 714675-714687, 714727-714751, 716445-716447, 716467-716479, 716520-716543, 716707-716735, 716792-716799, 717080-717087, 717107-717119, 717137-717151, 717169-717183, 717219-717247, 717275-717279, 717302-717311, 717542-717567, 717606-717631, 717649-717663, 717681-717695, 717713-717727, 717745-717759, 717777-717791, 717809-717823, 717841-717855, 717873-717887, 717905-717919, 717937-717951, 717969-717983, 718001-718015, 718062-718079, 718234-718239, 718259-718271, 718289-718303, 718324-718335, 718354-718367, 718388-718399, 718419-718431, 718450-718463, 718519-718527, 718568-718591, 718673-718687, 718705-718719, 718737-718751, 718769-718783, 718805-718815, 718834-718847, 718866-718879, 718897-718911, 718951-718975, 718995-719007, 719025-719039, 719063-719071, 719193-719199, 719222-719231, 719445-719455, 719481-719487, 719570-719583, 719601-719615, 719676-719679, 719701-719711, 719735-719743, 719826-719839, 719868-719871, 719892-719903, 719923-719935, 719959-719967, 719986-719999, 720029-720031, 720051-720063, 720120-720127, 720231-720255, 720321-720383, 720721-720735, 720760-720767, 720789-720799, 720829-720831, 720885-720895
  可用inode数: 172033-180224
Group 22: (Blocks 720896-753663) [INODE_UNINIT, ITABLE_ZEROED]
  Checksum 0xc2de, unused inodes 8192
  Block bitmap at 524294 (bg #16 + 6), Inode bitmap at 524310 (bg #16 + 22)
  Inode表位于 527392-527903 (bg #16 + 3104)
  5679 free blocks, 8192 free inodes, 0 directories, 8192个未使用的inodes
  可用块数: 721011-721023, 721044-721055, 721075-721087, 721137-721151, 721238-721247, 721267-721279, 721341-721343, 721377-721407, 721477-721503, 721523-721535, 721611-721631, 721650-721663, 721829-721855, 721892-721919, 722211-722239, 722276-722303, 722421-722431, 722744-722751, 722788-722815, 722933-722943, 723078-723103, 723123-723135, 723172-723199, 723356-723359, 723378-723391, 723447-723455, 723594-723615, 723635-723647, 723701-723711, 723931-723935, 723965-723967, 724264-724287, 724350-724351, 724479, 724792-724799, 724847-724863, 724981-724991, 725148-725151, 725171-725183, 725236-725247, 725386-725407, 725425-725503, 725748-725759, 725952-726015, 726336-726399, 726517-726527, 726693-726783, 726918-726943, 726961-727039, 727352-727423, 727551, 727717-727807, 727942-727967, 727998-728063, 728220-728223, 728249-728319, 728458-728479, 728500-728575, 728872-728959, 729084-729087, 729400-729471, 729538-729599, 729819-729855, 730012-730111, 730250-730367, 730612-730623, 730816-730879, 731045-731135, 731456-731519, 731588-731647, 731782-731903, 732054-732159, 732821-732927, 733105-733183, 733691-733695, 734141-734207, 734468-734591, 734693-734719, 738692-738815, 739286-739327, 742196-742399, 742980-743423, 743978-744447, 744791-744959, 745734-745983, 746425-747519
  可用inode数: 180225-188416
Group 23: (Blocks 753664-786431) [INODE_UNINIT, ITABLE_ZEROED]
  Checksum 0x652d, unused inodes 8192
  Block bitmap at 524295 (bg #16 + 7), Inode bitmap at 524311 (bg #16 + 23)
  Inode表位于 527904-528415 (bg #16 + 3616)
  3031 free blocks, 8192 free inodes, 0 directories, 8192个未使用的inodes
  可用块数: 760819-760831, 760890-760895, 760931-760959, 761052-761055, 761076-761087, 761170-761183, 761309-761311, 761340-761343, 761445-761471, 761532-761535, 761582-761599, 761682-761695, 761727, 761803-761823, 761843-761855, 762001-762015, 762046-762047, 762088-762111, 762243-762271, 762289-762303, 762357-762367, 762434-762463, 762486-762495, 762623, 762745-762751, 762855-762879, 763254-763263, 763349-763359, 763383-763391, 763730-763743, 763774-763775, 763871, 764049-764063, 764085-764095, 764138-764159, 764323-764351, 764411-764415, 764674-764703, 764728-764735, 764780-764799, 764915-764927, 765756-765759, 765821-765823, 765898-765919, 765947-765951, 766130-766143, 766179-766207, 766437-766463, 766995-767007, 767038-767039, 767057-767071, 767101-767103, 767223-767231, 767306-767327, 767352-767359, 767455, 767482-767487, 767869-767871, 767963-767967, 767991-767999, 768377-768383, 768422-768447, 768474-768479, 768508-768511, 769138-769151, 769256-769279, 769456-769471, 769519-769535, 770276-770303, 770461-770559, 770972-770975, 770995-771007, 771064-771071, 772984-772991, 773071-773119, 774044-774143, 778332-778367, 778468-780287
  可用inode数: 188417-196608
Group 24: (Blocks 786432-819199) [INODE_UNINIT, ITABLE_ZEROED]
  Checksum 0xece3, unused inodes 8192
  Block bitmap at 524296 (bg #16 + 8), Inode bitmap at 524312 (bg #16 + 24)
  Inode表位于 528416-528927 (bg #16 + 4128)
  5786 free blocks, 8192 free inodes, 0 directories, 8192个未使用的inodes
  可用块数: 789881-789887, 789918-789919, 789939-789951, 789977-789983, 790006-790015, 790982-791007, 791038-791039, 791241-791263, 791287-791295, 791447-791455, 791480-791487, 791532-791551, 791777-791807, 791917-791935, 792047-792063, 792242-792255, 792301-792319, 792446-792447, 792528-792543, 792569-792575, 795696-795711, 795769-795775, 795816-795839, 795891-795903, 796043-796063, 796084-796095, 796135-796159, 796319, 796340-796351, 796404-796415, 796661-796671, 800072-800095, 800120-800127, 800147-800159, 800179-800191, 800240-800255, 800508-800511, 800646-800671, 800691-800703, 800761-800767, 801079-801087, 801128-801151, 801219-801247, 801270-801279, 801421-801439, 801464-801471, 801520-801535, 801668-801695, 801721-801727, 801766-801791, 801964-801983, 802023-802047, 802229-802239, 802294-802303, 802434-802463, 802486-802495, 802537-802559, 802700-802719, 802785-802815, 802946-802975, 802996-803007, 803050-803071, 803234-803263, 803307-803327, 803483-803487, 803507-803519, 803570-803583, 803716-803743, 803763-803775, 803823-803839, 804617-804671, 804727-804735, 804839-804863, 805188-805247, 805370-805375, 805577-805631, 805791-805823, 805862-805887, 806057-806079, 806127-806143, 806317-806335, 806372-806399, 806540-806591, 806632-806655, 806856-806911, 807277-807295, 807568-807615, 807655-807679, 807903-807935, 808183-808191, 808415-808447, 808718-808767, 808824-808831, 808910-808959, 809234-809343, 809471, 809632-809727, 809858-809983, 810285-810367, 810433-810495, 810796-810879, 811000-811007, 811179-811263, 811443-811519, 811837-812031, 812350-812543, 812705-812799, 813000-813055, 813429-813567, 814317-814335, 814480-814591, 814904-815103, 815257-815359, 815532-815615, 815870-815871, 816011-816127, 816265-816383, 816556-816639, 816786-817151, 817895-819199
  可用inode数: 196609-204800
Group 25: (Blocks 819200-851967) [INODE_UNINIT, ITABLE_ZEROED]
  Checksum 0xcc35, unused inodes 8192
  备份 superblock at 819200, Group descriptors at 819201-819210
  保留的GDT块位于 819211-820224
  Block bitmap at 524297 (bg #16 + 9), Inode bitmap at 524313 (bg #16 + 25)
  Inode表位于 528928-529439 (bg #16 + 4640)
  3114 free blocks, 8192 free inodes, 0 directories, 8192个未使用的inodes
  可用块数: 820225-820255, 820276-820287, 820317-820319, 820338-820351, 820387-820415, 820456-820479, 820642-820671, 820713-820735, 825776-825791, 825812-825823, 825851-825855, 826088-826111, 826262-826271, 826301-826303, 826359-827391, 831933-831935, 831992-831999, 832019-832063, 832120-832127, 832188-832255, 832374-833535, 851417-851967
  可用inode数: 204801-212992
Group 26: (Blocks 851968-884735) [INODE_UNINIT, ITABLE_ZEROED]
  Checksum 0x8fea, unused inodes 8192
  Block bitmap at 524298 (bg #16 + 10), Inode bitmap at 524314 (bg #16 + 26)
  Inode表位于 529440-529951 (bg #16 + 5152)
  16324 free blocks, 8192 free inodes, 0 directories, 8192个未使用的inodes
  可用块数: 855291-855295, 855535-855551, 855656-855679, 855782-855807, 855922-855935, 856039-856063, 856294-856572, 857533-858111, 863812-865279, 870639-870655, 870866-884735
  可用inode数: 212993-221184
Group 27: (Blocks 884736-917503) [INODE_UNINIT, ITABLE_ZEROED]
  Checksum 0x5e15, unused inodes 8192
  备份 superblock at 884736, Group descriptors at 884737-884746
  保留的GDT块位于 884747-885760
  Block bitmap at 524299 (bg #16 + 11), Inode bitmap at 524315 (bg #16 + 27)
  Inode表位于 529952-530463 (bg #16 + 5664)
  22540 free blocks, 8192 free inodes, 0 directories, 8192个未使用的inodes
  可用块数: 885762-885763, 885766-885775, 885824-886016, 886072-886074, 886076-886081, 886086-886111, 886144-886184, 886186-886207, 886210-886223, 886272-886399, 886526-886751, 886774-886783, 887866-887871, 887892-887903, 887930-887935, 888031-888319, 888616-888639, 888679-888703, 888773-889151, 889211-889343, 889378-889462, 889586-889855, 890940-892223, 892418-892671, 892832-903167, 904013-904191, 904549-904575, 904591-905072, 905181-911359, 911705-911871, 912221-913663, 913665-913670, 913672-913681, 913683-913688, 913690, 913692, 913694-913703, 913705-913713, 913715-913719, 913721-913723, 913725-913731, 913733-913743, 913745-913754, 913756-913758, 913760-913761, 913763-913765, 913768-913771, 913774-913775, 913777-913780, 913782-913787, 913789-913790, 913792-913919, 914393-914431, 915449-915455
  可用inode数: 221185-229376
Group 28: (Blocks 917504-950271) [INODE_UNINIT, ITABLE_ZEROED]
  Checksum 0x6dfe, unused inodes 8192
  Block bitmap at 524300 (bg #16 + 12), Inode bitmap at 524316 (bg #16 + 28)
  Inode表位于 530464-530975 (bg #16 + 6176)
  17896 free blocks, 8192 free inodes, 0 directories, 8192个未使用的inodes
  可用块数: 917677, 917769, 918009, 918417, 918705-918719, 918770-918783, 918785-918815, 918908-918982, 919014-919039, 919043-919103, 919151-919167, 919256-919263, 919281-919295, 919297-919319, 919321-919333, 919335-919348, 919350-919396, 919398-919423, 919504-919519, 919545-919551, 921766-921791, 921820-921833, 922890-922895, 923119, 923315, 923362-923391, 923521-923647, 929792-931839, 931913, 932041, 932057, 932065, 932077, 932265, 932393, 932637, 932669, 932701, 932709, 932717, 932737, 932809, 932821, 932825, 932829, 932837, 932849, 932861, 932869, 932893, 932909, 932929, 932933, 933309, 933329, 933393, 933401, 933613, 933641, 934297-934335, 934389-934911, 934922-935935, 936206-936319, 936323-948223, 948249, 948269, 948621, 948666-950271
  可用inode数: 229377-237568
Group 29: (Blocks 950272-983039) [INODE_UNINIT, ITABLE_ZEROED]
  Checksum 0x9b04, unused inodes 8192
  Block bitmap at 524301 (bg #16 + 13), Inode bitmap at 524317 (bg #16 + 29)
  Inode表位于 530976-531487 (bg #16 + 6688)
  13318 free blocks, 8192 free inodes, 0 directories, 8192个未使用的inodes
  可用块数: 951978-952015, 952032-952063, 952141-952159, 952177-952191, 952241-952255, 952295-952319, 956580-957439, 957559-957951, 958308-958463, 960512-962559, 964739-964767, 964785-964863, 965100-965919, 965950-966015, 966049-966495, 966520-966527, 966595-968703, 968945, 968977, 968989, 969185, 969261, 969457, 969485, 969509-969510, 969602, 969801-969823, 969848-969855, 969922-970207, 970235-970239, 970396-970399, 970418-970431, 970484-970495, 970520-970527, 970553-970559, 970578-970591, 970624-972799, 978944-982527, 983032-983039
  可用inode数: 237569-245760
Group 30: (Blocks 983040-1015807) [INODE_UNINIT, ITABLE_ZEROED]
  Checksum 0xaa46, unused inodes 8192
  Block bitmap at 524302 (bg #16 + 14), Inode bitmap at 524318 (bg #16 + 30)
  Inode表位于 531488-531999 (bg #16 + 7200)
  16012 free blocks, 8192 free inodes, 0 directories, 8192个未使用的inodes
  可用块数: 984857-984863, 984894-984895, 984943-984959, 985074-989183, 989232-989247, 989268-989279, 989301-989311, 989355-989375, 989395-989407, 989428-989439, 989466-989471, 989504-989567, 989638-989663, 989681-989695, 989811-990207, 990383-990399, 990433-990463, 990527, 990555-990591, 990692-990719, 990756-990847, 990925-990943, 990963-990975, 991001-991007, 991034-991039, 991095-991103, 991158-991167, 991203-992255, 992849-992863, 992882-992895, 992952-992959, 992997-993023, 993139-993151, 993183, 993201-993215, 993253-995807, 995834-996703, 996727-996735, 996759-996767, 996795-996799, 996843-998559, 998577-998591, 998640-998655, 998823-998847, 998898-998943, 998972-998975, 998994-999007, 999039, 999097-999103, 999161-999167, 999341-999359, 999396-999423, 999571-999583, 999604-999615, 999636-999647, 999665-999679, 999715-999743, 999785-999807, 999843-999871, 999898-999903, 999924-999935, 1000053-1000063, 1000094-1000095, 1000113-1000127, 1000153-1000159, 1000182-1000191, 1000261-1000287, 1000311-1000319, 1000351, 1000370-1000383, 1000412-1000415, 1000437-1000447, 1000621-1000639, 1000673-1000703, 1000752-1000767, 1000802-1000831, 1000871-1000895, 1000919-1000927, 1000953-1000959, 1001003-1001023, 1001081-1001087, 1001113-1001119, 1001150-1001151, 1001209-1001215, 1001249-1001279, 1001335-1001343, 1001392-1001407, 1001430-1001439, 1001464-1001471, 1001599, 1001667-1001695, 1001717-1001727, 1001813-1001823, 1001843-1001855, 1001873-1001887, 1001905-1001919, 1001942-1001951, 1001969-1001983, 1002019-1002047, 1002065-1002079, 1002101-1002111, 1002130-1002143, 1002171-1002175, 1002220-1002239, 1002257-1002271, 1002297-1002303, 1002326-1002335, 1002353-1002367, 1002412-1002431, 1002457-1002463, 1002488-1002495, 1002758-1002783, 1002808-1002815, 1002834-1002847, 1002876-1002879, 1002904-1002911, 1002934-1002943, 1003002-1003007, 1003458-1003487, 1003516-1003519, 1003537-1003551, 1003569-1003583, 1003601-1003615, 1003633-1003647, 1003665-1003679, 1003697-1003711, 1003730-1003743, 1003764-1003775, 1003796-1003807, 1003837-1003839, 1003861-1003871, 1003903, 1003934-1003935, 1003965-1003967, 1003992-1003999, 1004026-1004031, 1004308-1004319, 1004347-1004351, 1004404-1004415, 1004531-1004543, 1004579-1004607, 1004629-1004639, 1004666-1004671, 1004797-1004799, 1004858-1004863, 1004885-1004895, 1004926-1004927, 1005042-1005055, 1005594-1005599, 1005620-1005631, 1005669-1005695, 1005766-1005791, 1005813-1005823, 1005861-1005887, 1005921-1005951, 1005987-1006015, 1006041-1006047, 1006076-1006079, 1006535-1006559, 1006582-1006591, 1007823-1007839, 1007861-1007871, 1007928-1007935, 1007984-1007999, 1008030-1008031, 1008057-1008063, 1008090-1008095, 1008113-1008127, 1008730-1008735, 1008763-1008767, 1008808-1008831, 1008866-1008895, 1009122-1009151, 1009578-1009599, 1009628-1009631, 1009650-1009663, 1011816-1011839, 1011860-1011871, 1011895-1011903, 1011950-1011967, 1011985-1011999, 1012017-1012031, 1012052-1012063, 1012081-1012095, 1012115-1012127, 1012146-1012159, 1012177-1012191, 1012210-1012223, 1012852-1012863, 1012909-1012927, 1012945-1012959, 1012977-1012991, 1013035-1013055, 1013096-1013119, 1013139-1013151, 1013181-1013183, 1013227-1015807
  可用inode数: 245761-253952
Group 31: (Blocks 1015808-1048575) [INODE_UNINIT, ITABLE_ZEROED]
  Checksum 0xe048, unused inodes 8192
  Block bitmap at 524303 (bg #16 + 15), Inode bitmap at 524319 (bg #16 + 31)
  Inode表位于 532000-532511 (bg #16 + 7712)
  12918 free blocks, 8192 free inodes, 0 directories, 8192个未使用的inodes
  可用块数: 1017409-1017423, 1017594-1017599, 1017728-1017855, 1019226-1019231, 1019241-1019327, 1019353-1019391, 1019553-1019647, 1019702-1019711, 1019738-1019775, 1019803-1019839, 1019894-1019903, 1020038-1020159, 1020202-1020927, 1020929-1021055, 1021130-1021247, 1021290-1021407, 1021429-1021695, 1021784-1021919, 1021941-1021951, 1022287-1022463, 1022751-1026431, 1026539-1026559, 1027072-1027423, 1027443-1027455, 1027498-1027519, 1027555-1027583, 1028401-1028415, 1028450-1028479, 1028532-1028543, 1028581-1028607, 1029458-1029471, 1029489-1029503, 1029538-1029567, 1029595-1029599, 1029627-1029631, 1029671-1029695, 1029716-1029727, 1029754-1029759, 1029825-1029855, 1029878-1029887, 1029990-1030015, 1030070-1030079, 1030103-1030111, 1030136-1030143, 1030163-1030175, 1030197-1030207, 1030225-1030239, 1030257-1030271, 1030294-1030303, 1030323-1030335, 1030370-1030399, 1030439-1030463, 1030488-1030527, 1030612-1030623, 1030643-1030655, 1030740-1030783, 1030868-1031167, 1031227-1031679, 1036264-1036287, 1040301-1040319, 1040382-1044479, 1044788-1044799, 1047128-1047551, 1047653-1048063, 1048321-1048575
  可用inode数: 253953-262144
Group 32: (Blocks 1048576-1081343) [INODE_UNINIT, ITABLE_ZEROED]
  Checksum 0xbf03, unused inodes 8192
  Block bitmap at 1048576 (+0), Inode bitmap at 1048592 (+16)
  Inode表位于 1048608-1049119 (+32)
  20572 free blocks, 8192 free inodes, 0 directories, 8192个未使用的inodes
  可用块数: 1057003, 1057027, 1057039, 1057435, 1057447, 1057455, 1057611, 1057643, 1057679, 1057771, 1060640-1063823, 1063934-1063964, 1063997-1081343
  可用inode数: 262145-270336
Group 33: (Blocks 1081344-1114111) [INODE_UNINIT, ITABLE_ZEROED]
  Checksum 0x3767, unused inodes 8192
  Block bitmap at 1048577 (bg #32 + 1), Inode bitmap at 1048593 (bg #32 + 17)
  Inode表位于 1049120-1049631 (bg #32 + 544)
  7727 free blocks, 8192 free inodes, 0 directories, 8192个未使用的inodes
  可用块数: 1081344-1081791, 1081809-1081840, 1081844-1081855, 1081873, 1081876-1081887, 1081908-1081919, 1081937-1081951, 1081970-1081983, 1082003-1082015, 1082036-1082047, 1082097-1082111, 1082157-1082175, 1082199-1082207, 1082222-1082223, 1082240-1082255, 1082264-1082291, 1082333-1082355, 1082554-1082559, 1082594-1082623, 1082641-1082655, 1082675-1082687, 1082728-1082751, 1082771-1082783, 1082810-1082815, 1082872-1083391, 1083431-1083455, 1083476-1083504, 1083508-1083531, 1083580-1083583, 1083667-1083679, 1083706-1083711, 1083729-1083769, 1083787-1083807, 1083826-1083839, 1083864-1083871, 1083884-1083885, 1083903, 1084114-1084223, 1084242-1084255, 1084276-1084415, 1087583, 1087602-1087615, 1087643-1087647, 1087668-1087679, 1087699-1087728, 1087837-1087839, 1087869-1087871, 1087937-1087967, 1087987-1087999, 1088538-1088543, 1088562-1088575, 1088613-1088639, 1088665-1088671, 1088698-1088703, 1088727-1088735, 1088759-1088767, 1089418-1089439, 1089463-1089471, 1089494-1089503, 1089528-1093887, 1094152-1094271, 1094385-1094399, 1094466-1094495, 1094527, 1094654-1094655, 1095168-1095551, 1095664-1095679, 1099313-1099391, 1099491-1099519, 1099602-1099775, 1103348-1103871
  可用inode数: 270337-278528
Group 34: (Blocks 1114112-1146879) [INODE_UNINIT, ITABLE_ZEROED]
  Checksum 0xee5d, unused inodes 8192
  Block bitmap at 1048578 (bg #32 + 2), Inode bitmap at 1048594 (bg #32 + 18)
  Inode表位于 1049632-1050143 (bg #32 + 1056)
  5849 free blocks, 8192 free inodes, 0 directories, 8192个未使用的inodes
  可用块数: 1118208-1119295, 1119750-1119775, 1119806-1119871, 1119978-1120127, 1120134-1120152, 1120190-1120255, 1123551-1123583, 1123600-1123792, 1123818-1123935, 1124252-1127295, 1127402-1128447
  可用inode数: 278529-286720
Group 35: (Blocks 1146880-1179647) [INODE_UNINIT, ITABLE_ZEROED]
  Checksum 0x2dca, unused inodes 8192
  Block bitmap at 1048579 (bg #32 + 3), Inode bitmap at 1048595 (bg #32 + 19)
  Inode表位于 1050144-1050655 (bg #32 + 1568)
  13620 free blocks, 8192 free inodes, 0 directories, 8192个未使用的inodes
  可用块数: 1159865-1159871, 1159891-1167359, 1173504-1179647
  可用inode数: 286721-294912
Group 36: (Blocks 1179648-1212415) [INODE_UNINIT, ITABLE_ZEROED]
  Checksum 0x2d00, unused inodes 8192
  Block bitmap at 1048580 (bg #32 + 4), Inode bitmap at 1048596 (bg #32 + 20)
  Inode表位于 1050656-1051167 (bg #32 + 2080)
  2048 free blocks, 8192 free inodes, 0 directories, 8192个未使用的inodes
  可用块数: 1185792-1187839
  可用inode数: 294913-303104
Group 37: (Blocks 1212416-1245183) [INODE_UNINIT, ITABLE_ZEROED]
  Checksum 0x0bfd, unused inodes 8192
  Block bitmap at 1048581 (bg #32 + 5), Inode bitmap at 1048597 (bg #32 + 21)
  Inode表位于 1051168-1051679 (bg #32 + 2592)
  767 free blocks, 8192 free inodes, 0 directories, 8192个未使用的inodes
  可用块数: 1232119-1232127, 1232131-1232255, 1232258-1232270, 1232272-1232276, 1232278-1232383, 1232387-1232895
  可用inode数: 303105-311296
Group 38: (Blocks 1245184-1277951) [INODE_UNINIT, ITABLE_ZEROED]
  Checksum 0xee32, unused inodes 8192
  Block bitmap at 1048582 (bg #32 + 6), Inode bitmap at 1048598 (bg #32 + 22)
  Inode表位于 1051680-1052191 (bg #32 + 3104)
  0 free blocks, 8192 free inodes, 0 directories, 8192个未使用的inodes
  可用块数: 
  可用inode数: 311297-319488
Group 39: (Blocks 1277952-1310719) [INODE_UNINIT, ITABLE_ZEROED]
  Checksum 0x4ee9, unused inodes 8192
  Block bitmap at 1048583 (bg #32 + 7), Inode bitmap at 1048599 (bg #32 + 23)
  Inode表位于 1052192-1052703 (bg #32 + 3616)
  0 free blocks, 8192 free inodes, 0 directories, 8192个未使用的inodes
  可用块数: 
  可用inode数: 319489-327680
Group 40: (Blocks 1310720-1343487) [INODE_UNINIT, ITABLE_ZEROED]
  Checksum 0xea39, unused inodes 8192
  Block bitmap at 1048584 (bg #32 + 8), Inode bitmap at 1048600 (bg #32 + 24)
  Inode表位于 1052704-1053215 (bg #32 + 4128)
  0 free blocks, 8192 free inodes, 0 directories, 8192个未使用的inodes
  可用块数: 
  可用inode数: 327681-335872
Group 41: (Blocks 1343488-1376255) [INODE_UNINIT, ITABLE_ZEROED]
  Checksum 0x4ae2, unused inodes 8192
  Block bitmap at 1048585 (bg #32 + 9), Inode bitmap at 1048601 (bg #32 + 25)
  Inode表位于 1053216-1053727 (bg #32 + 4640)
  0 free blocks, 8192 free inodes, 0 directories, 8192个未使用的inodes
  可用块数: 
  可用inode数: 335873-344064
Group 42: (Blocks 1376256-1409023) [INODE_UNINIT, ITABLE_ZEROED]
  Checksum 0xeb8c, unused inodes 8192
  Block bitmap at 1048586 (bg #32 + 10), Inode bitmap at 1048602 (bg #32 + 26)
  Inode表位于 1053728-1054239 (bg #32 + 5152)
  0 free blocks, 8192 free inodes, 0 directories, 8192个未使用的inodes
  可用块数: 
  可用inode数: 344065-352256
Group 43: (Blocks 1409024-1441791) [INODE_UNINIT, ITABLE_ZEROED]
  Checksum 0xf27b, unused inodes 8192
  Block bitmap at 1048587 (bg #32 + 11), Inode bitmap at 1048603 (bg #32 + 27)
  Inode表位于 1054240-1054751 (bg #32 + 5664)
  315 free blocks, 8192 free inodes, 0 directories, 8192个未使用的inodes
  可用块数: 1415062-1415167, 1421007-1421055, 1421152-1421311
  可用inode数: 352257-360448
Group 44: (Blocks 1441792-1474559) [INODE_UNINIT, ITABLE_ZEROED]
  Checksum 0xbb4c, unused inodes 8192
  Block bitmap at 1048588 (bg #32 + 12), Inode bitmap at 1048604 (bg #32 + 28)
  Inode表位于 1054752-1055263 (bg #32 + 6176)
  969 free blocks, 8192 free inodes, 0 directories, 8192个未使用的inodes
  可用块数: 1448379-1448831, 1448901-1448959, 1449174-1449471, 1453814-1453823, 1454015-1454079, 1472203-1472255, 1472481-1472511
  可用inode数: 360449-368640
Group 45: (Blocks 1474560-1507327) [INODE_UNINIT, ITABLE_ZEROED]
  Checksum 0xd232, unused inodes 8192
  Block bitmap at 1048589 (bg #32 + 13), Inode bitmap at 1048605 (bg #32 + 29)
  Inode表位于 1055264-1055775 (bg #32 + 6688)
  216 free blocks, 8192 free inodes, 0 directories, 8192个未使用的inodes
  可用块数: 1478612-1478623, 1478640-1478655, 1482695-1482751, 1495933-1496063
  可用inode数: 368641-376832
Group 46: (Blocks 1507328-1540095) [INODE_UNINIT, ITABLE_ZEROED]
  Checksum 0x519b, unused inodes 8192
  Block bitmap at 1048590 (bg #32 + 14), Inode bitmap at 1048606 (bg #32 + 30)
  Inode表位于 1055776-1056287 (bg #32 + 7200)
  967 free blocks, 8192 free inodes, 0 directories, 8192个未使用的inodes
  可用块数: 1519079-1519615, 1525664-1525759, 1529304-1529616, 1529854-1529855, 1533933-1533951
  可用inode数: 376833-385024
Group 47: (Blocks 1540096-1572863) [INODE_UNINIT, ITABLE_ZEROED]
  Checksum 0x84a0, unused inodes 8192
  Block bitmap at 1048591 (bg #32 + 15), Inode bitmap at 1048607 (bg #32 + 31)
  Inode表位于 1056288-1056799 (bg #32 + 7712)
  316 free blocks, 8192 free inodes, 0 directories, 8192个未使用的inodes
  可用块数: 1542072-1542143, 1546168-1546239, 1552312-1552383, 1564572-1564671
  可用inode数: 385025-393216
Group 48: (Blocks 1572864-1605631) [INODE_UNINIT, ITABLE_ZEROED]
  Checksum 0x3960, unused inodes 8192
  Block bitmap at 1572864 (+0), Inode bitmap at 1572880 (+16)
  Inode表位于 1572896-1573407 (+32)
  16418 free blocks, 8192 free inodes, 0 directories, 8192个未使用的inodes
  可用块数: 1586110, 1586541-1588157, 1588180-1597440, 1600093-1605631
  可用inode数: 393217-401408
Group 49: (Blocks 1605632-1638399) [INODE_UNINIT, ITABLE_ZEROED]
  Checksum 0x04e2, unused inodes 8192
  备份 superblock at 1605632, Group descriptors at 1605633-1605642
  保留的GDT块位于 1605643-1606656
  Block bitmap at 1572865 (bg #48 + 1), Inode bitmap at 1572881 (bg #48 + 17)
  Inode表位于 1573408-1573919 (bg #48 + 544)
  858 free blocks, 8192 free inodes, 0 directories, 8192个未使用的inodes
  可用块数: 1607152-1607651, 1607661-1607679, 1611437-1611775
  可用inode数: 401409-409600
Group 50: (Blocks 1638400-1671167) [INODE_UNINIT, ITABLE_ZEROED]
  Checksum 0x85dc, unused inodes 8192
  Block bitmap at 1572866 (bg #48 + 2), Inode bitmap at 1572882 (bg #48 + 18)
  Inode表位于 1573920-1574431 (bg #48 + 1056)
  782 free blocks, 8192 free inodes, 0 directories, 8192个未使用的inodes
  可用块数: 1644539-1644543, 1660879-1660927, 1666344-1667071
  可用inode数: 409601-417792
Group 51: (Blocks 1671168-1703935) [INODE_UNINIT, ITABLE_ZEROED]
  Checksum 0xe7d1, unused inodes 8192
  Block bitmap at 1572867 (bg #48 + 3), Inode bitmap at 1572883 (bg #48 + 19)
  Inode表位于 1574432-1574943 (bg #48 + 1568)
  2546 free blocks, 8192 free inodes, 0 directories, 8192个未使用的inodes
  可用块数: 1672681-1673215, 1676779-1677311, 1687399-1687551, 1690920-1691647, 1695147-1695743
  可用inode数: 417793-425984
Group 52: (Blocks 1703936-1736703) [INODE_UNINIT, ITABLE_ZEROED]
  Checksum 0x4daa, unused inodes 8192
  Block bitmap at 1572868 (bg #48 + 4), Inode bitmap at 1572884 (bg #48 + 20)
  Inode表位于 1574944-1575455 (bg #48 + 2080)
  1750 free blocks, 8192 free inodes, 0 directories, 8192个未使用的inodes
  可用块数: 1707975-1707999, 1708023-1708031, 1715597-1715615, 1715637-1715647, 1715693-1715711, 1715801-1716223, 1726218-1726271, 1726317-1726463, 1733381-1733439, 1733481-1733503, 1733607-1734527, 1734616-1734655
  可用inode数: 425985-434176
Group 53: (Blocks 1736704-1769471) [INODE_UNINIT, ITABLE_ZEROED]
  Checksum 0x7d36, unused inodes 8192
  Block bitmap at 1572869 (bg #48 + 5), Inode bitmap at 1572885 (bg #48 + 21)
  Inode表位于 1575456-1575967 (bg #48 + 2592)
  877 free blocks, 8192 free inodes, 0 directories, 8192个未使用的inodes
  可用块数: 1738594-1738623, 1738657-1738687, 1738731-1738751, 1748652-1748671, 1748690-1748703, 1748731-1748991, 1756918-1757183, 1764703, 1764726-1764735, 1764766-1764767, 1764788-1764799, 1764828-1764863, 1765136-1765151, 1765170-1765183, 1765211-1765215, 1765238-1765375
  可用inode数: 434177-442368
Group 54: (Blocks 1769472-1802239) [INODE_UNINIT, ITABLE_ZEROED]
  Checksum 0xcae6, unused inodes 8192
  Block bitmap at 1572870 (bg #48 + 6), Inode bitmap at 1572886 (bg #48 + 22)
  Inode表位于 1575968-1576479 (bg #48 + 3104)
  603 free blocks, 8192 free inodes, 0 directories, 8192个未使用的inodes
  可用块数: 1773219-1773567, 1782679, 1782681-1782783, 1789907, 1789909-1789951, 1793941-1793945, 1793947-1794047
  可用inode数: 442369-450560
Group 55: (Blocks 1802240-1835007) [INODE_UNINIT, ITABLE_ZEROED]
  Checksum 0x9bef, unused inodes 8192
  Block bitmap at 1572871 (bg #48 + 7), Inode bitmap at 1572887 (bg #48 + 23)
  Inode表位于 1576480-1576991 (bg #48 + 3616)
  12561 free blocks, 8192 free inodes, 0 directories, 8192个未使用的inodes
  可用块数: 1803904-1804287, 1812466-1812479, 1814528-1814719, 1814758-1815551, 1815599-1816639, 1816680-1826815
  可用inode数: 450561-458752
Group 56: (Blocks 1835008-1867775) [INODE_UNINIT, ITABLE_ZEROED]
  Checksum 0x8270, unused inodes 8192
  Block bitmap at 1572872 (bg #48 + 8), Inode bitmap at 1572888 (bg #48 + 24)
  Inode表位于 1576992-1577503 (bg #48 + 4128)
  11612 free blocks, 8192 free inodes, 0 directories, 8192个未使用的inodes
  可用块数: 1841398-1843199, 1847296-1847660, 1848026-1848063, 1848066-1848463, 1848465-1849279, 1849342-1849343, 1855488-1863679
  可用inode数: 458753-466944
Group 57: (Blocks 1867776-1900543) [INODE_UNINIT, ITABLE_ZEROED]
  Checksum 0x65b6, unused inodes 8192
  Block bitmap at 1572873 (bg #48 + 9), Inode bitmap at 1572889 (bg #48 + 25)
  Inode表位于 1577504-1578015 (bg #48 + 4640)
  3250 free blocks, 8192 free inodes, 0 directories, 8192个未使用的inodes
  可用块数: 1875366-1875391, 1875456-1875967, 1882112-1882783, 1882810-1882815, 1882853-1882879, 1882949-1882975, 1883000-1883007, 1883089-1883103, 1883123-1884159, 1894664-1894687, 1894707-1894719, 1894760-1894783, 1894877-1894879, 1894902-1894911, 1895282-1895295, 1895337-1895359, 1895407-1895423, 1895497-1895519, 1895538-1895551, 1895639-1895647, 1895665-1895679, 1895842-1895935, 1896387-1896415, 1896435-1896447, 1897321-1897343, 1897457-1897471, 1897627-1897631, 1897652-1897983, 1898259-1898271, 1898289-1898495
  可用inode数: 466945-475136
Group 58: (Blocks 1900544-1933311) [INODE_UNINIT, ITABLE_ZEROED]
  Checksum 0x989a, unused inodes 8192
  Block bitmap at 1572874 (bg #48 + 10), Inode bitmap at 1572890 (bg #48 + 26)
  Inode表位于 1578016-1578527 (bg #48 + 5152)
  0 free blocks, 8192 free inodes, 0 directories, 8192个未使用的inodes
  可用块数: 
  可用inode数: 475137-483328
Group 59: (Blocks 1933312-1966079) [INODE_UNINIT, ITABLE_ZEROED]
  Checksum 0xa6c3, unused inodes 8192
  Block bitmap at 1572875 (bg #48 + 11), Inode bitmap at 1572891 (bg #48 + 27)
  Inode表位于 1578528-1579039 (bg #48 + 5664)
  757 free blocks, 8192 free inodes, 0 directories, 8192个未使用的inodes
  可用块数: 1957788-1957887, 1961263-1961302, 1961367-1961983
  可用inode数: 483329-491520
Group 60: (Blocks 1966080-1998847) [INODE_UNINIT, ITABLE_ZEROED]
  Checksum 0xb32e, unused inodes 8192
  Block bitmap at 1572876 (bg #48 + 12), Inode bitmap at 1572892 (bg #48 + 28)
  Inode表位于 1579040-1579551 (bg #48 + 6176)
  1152 free blocks, 8192 free inodes, 0 directories, 8192个未使用的inodes
  可用块数: 1970042-1970175, 1977350-1978367
  可用inode数: 491521-499712
Group 61: (Blocks 1998848-2031615) [INODE_UNINIT, ITABLE_ZEROED]
  Checksum 0x2df5, unused inodes 8192
  Block bitmap at 1572877 (bg #48 + 13), Inode bitmap at 1572893 (bg #48 + 29)
  Inode表位于 1579552-1580063 (bg #48 + 6688)
  4835 free blocks, 8192 free inodes, 0 directories, 8192个未使用的inodes
  可用块数: 2016914-2016927, 2016958-2016959, 2016993-2017279, 2022738-2023071, 2023094-2024447, 2024676-2027519
  可用inode数: 499713-507904
Group 62: (Blocks 2031616-2064383) [INODE_UNINIT, ITABLE_ZEROED]
  Checksum 0xcdef, unused inodes 8192
  Block bitmap at 1572878 (bg #48 + 14), Inode bitmap at 1572894 (bg #48 + 30)
  Inode表位于 1580064-1580575 (bg #48 + 7200)
  22712 free blocks, 8192 free inodes, 0 directories, 8192个未使用的inodes
  可用块数: 2033664-2033919, 2033973-2035199, 2035267-2035359, 2038970-2039807, 2044086-2064383
  可用inode数: 507905-516096
Group 63: (Blocks 2064384-2097151) [INODE_UNINIT, ITABLE_ZEROED]
  Checksum 0xc632, unused inodes 8192
  Block bitmap at 1572879 (bg #48 + 15), Inode bitmap at 1572895 (bg #48 + 31)
  Inode表位于 1580576-1581087 (bg #48 + 7712)
  26204 free blocks, 8192 free inodes, 0 directories, 8192个未使用的inodes
  可用块数: 2064384-2070527, 2070590-2070597, 2070600-2070614, 2070616-2070617, 2070638-2070654, 2070656, 2071074, 2071101-2071486, 2071489-2071552, 2071708-2071710, 2071727, 2071733-2071807, 2071809-2071840, 2071908, 2071976, 2071979-2072052, 2072089, 2077736-2077768, 2077771, 2077808-2097151
  可用inode数: 516097-524288
Group 64: (Blocks 2097152-2129919) [ITABLE_ZEROED]
  Checksum 0x408d, unused inodes 1701
  Block bitmap at 2097152 (+0), Inode bitmap at 2097168 (+16)
  Inode表位于 2097184-2097695 (+32)
  23332 free blocks, 1771 free inodes, 1206 directories, 1701个未使用的inodes
  可用块数: 2106350, 2106365-2106367, 2106592-2129919
  可用inode数: 530698, 530705, 530712-532480
Group 65: (Blocks 2129920-2162687) [INODE_UNINIT, ITABLE_ZEROED]
  Checksum 0xec1b, unused inodes 8192
  Block bitmap at 2097153 (bg #64 + 1), Inode bitmap at 2097169 (bg #64 + 17)
  Inode表位于 2097696-2098207 (bg #64 + 544)
  732 free blocks, 8192 free inodes, 0 directories, 8192个未使用的inodes
  可用块数: 2153668-2153671, 2153684-2153687, 2153720-2153983, 2154012-2154014, 2154038-2154183, 2154186-2154191, 2154208-2154495, 2162662-2162667, 2162669-2162670, 2162679-2162687
  可用inode数: 532481-540672
Group 66: (Blocks 2162688-2195455) [INODE_UNINIT, ITABLE_ZEROED]
  Checksum 0x3824, unused inodes 8192
  Block bitmap at 2097154 (bg #64 + 2), Inode bitmap at 2097170 (bg #64 + 18)
  Inode表位于 2098208-2098719 (bg #64 + 1056)
  31961 free blocks, 8192 free inodes, 0 directories, 8192个未使用的inodes
  可用块数: 2162688-2163510, 2163716-2170202, 2170805-2195455
  可用inode数: 540673-548864
Group 67: (Blocks 2195456-2228223) [INODE_UNINIT, ITABLE_ZEROED]
  Checksum 0xf8f5, unused inodes 8192
  Block bitmap at 2097155 (bg #64 + 3), Inode bitmap at 2097171 (bg #64 + 19)
  Inode表位于 2098720-2099231 (bg #64 + 1568)
  27441 free blocks, 8192 free inodes, 0 directories, 8192个未使用的inodes
  可用块数: 2195502-2195519, 2195550-2195551, 2195571-2195583, 2195609-2195673, 2195693-2195711, 2195736-2195743, 2195771-2195775, 2195809-2195839, 2195859-2195871, 2195901-2195903, 2195949-2195967, 2196002-2196031, 2196075-2196095, 2196126-2196223, 2196372-2196479, 2196773-2196799, 2196827-2196831, 2196852-2196991, 2197085-2197247, 2197475-2201599, 2205696-2228223
  可用inode数: 548865-557056
Group 68: (Blocks 2228224-2260991) [INODE_UNINIT, ITABLE_ZEROED]
  Checksum 0x6d91, unused inodes 8192
  Block bitmap at 2097156 (bg #64 + 4), Inode bitmap at 2097172 (bg #64 + 20)
  Inode表位于 2099232-2099743 (bg #64 + 2080)
  32768 free blocks, 8192 free inodes, 0 directories, 8192个未使用的inodes
  可用块数: 2228224-2260991
  可用inode数: 557057-565248
Group 69: (Blocks 2260992-2293759) [INODE_UNINIT, ITABLE_ZEROED]
  Checksum 0xcd4a, unused inodes 8192
  Block bitmap at 2097157 (bg #64 + 5), Inode bitmap at 2097173 (bg #64 + 21)
  Inode表位于 2099744-2100255 (bg #64 + 2592)
  32768 free blocks, 8192 free inodes, 0 directories, 8192个未使用的inodes
  可用块数: 2260992-2293759
  可用inode数: 565249-573440
Group 70: (Blocks 2293760-2326527) [INODE_UNINIT, ITABLE_ZEROED]
  Checksum 0x6c24, unused inodes 8192
  Block bitmap at 2097158 (bg #64 + 6), Inode bitmap at 2097174 (bg #64 + 22)
  Inode表位于 2100256-2100767 (bg #64 + 3104)
  32768 free blocks, 8192 free inodes, 0 directories, 8192个未使用的inodes
  可用块数: 2293760-2326527
  可用inode数: 573441-581632
Group 71: (Blocks 2326528-2359295) [INODE_UNINIT, ITABLE_ZEROED]
  Checksum 0xccff, unused inodes 8192
  Block bitmap at 2097159 (bg #64 + 7), Inode bitmap at 2097175 (bg #64 + 23)
  Inode表位于 2100768-2101279 (bg #64 + 3616)
  32768 free blocks, 8192 free inodes, 0 directories, 8192个未使用的inodes
  可用块数: 2326528-2359295
  可用inode数: 581633-589824
Group 72: (Blocks 2359296-2392063) [INODE_UNINIT, ITABLE_ZEROED]
  Checksum 0x682f, unused inodes 8192
  Block bitmap at 2097160 (bg #64 + 8), Inode bitmap at 2097176 (bg #64 + 24)
  Inode表位于 2101280-2101791 (bg #64 + 4128)
  32768 free blocks, 8192 free inodes, 0 directories, 8192个未使用的inodes
  可用块数: 2359296-2392063
  可用inode数: 589825-598016
Group 73: (Blocks 2392064-2424831) [INODE_UNINIT, ITABLE_ZEROED]
  Checksum 0xc8f4, unused inodes 8192
  Block bitmap at 2097161 (bg #64 + 9), Inode bitmap at 2097177 (bg #64 + 25)
  Inode表位于 2101792-2102303 (bg #64 + 4640)
  32768 free blocks, 8192 free inodes, 0 directories, 8192个未使用的inodes
  可用块数: 2392064-2424831
  可用inode数: 598017-606208
Group 74: (Blocks 2424832-2457599) [INODE_UNINIT, ITABLE_ZEROED]
  Checksum 0xd4fb, unused inodes 8192
  Block bitmap at 2097162 (bg #64 + 10), Inode bitmap at 2097178 (bg #64 + 26)
  Inode表位于 2102304-2102815 (bg #64 + 5152)
  10103 free blocks, 8192 free inodes, 0 directories, 8192个未使用的inodes
  可用块数: 2424832-2433023, 2441333-2441343, 2441445-2441471, 2441607-2441631, 2441657-2441663, 2441700-2441727, 2441819-2441823, 2441841-2441855, 2441924-2441951, 2441969-2441983, 2442094-2442111, 2442151-2442175, 2442197-2442216, 2442242-2442271, 2442344-2442367, 2442451-2442463, 2442483-2442495, 2442683-2442687, 2442732-2442751, 2448001-2448063, 2448115-2448127, 2448353-2448383, 2448403-2448447, 2448482-2448511, 2448604-2448639, 2448741-2448767, 2448885-2448895, 2449267-2449279, 2449407, 2450672-2450687, 2450805-2450943, 2451232-2451327, 2451411-2451455, 2451755-2451839, 2451929-2451967, 2452692-2452991, 2453477-2453503, 2455649-2455679, 2455750-2456063, 2456522-2456575, 2456851-2456959, 2457031-2457087
  可用inode数: 606209-614400
Group 75: (Blocks 2457600-2490367) [INODE_UNINIT, ITABLE_ZEROED]
  Checksum 0x8fe9, unused inodes 8192
  Block bitmap at 2097163 (bg #64 + 11), Inode bitmap at 2097179 (bg #64 + 27)
  Inode表位于 2102816-2103327 (bg #64 + 5664)
  8022 free blocks, 8192 free inodes, 0 directories, 8192个未使用的inodes
  可用块数: 2457704-2457727, 2457781-2457791, 2457810-2457837, 2457848-2457875, 2457878-2457887, 2457944-2457951, 2458320-2458335, 2458373-2458399, 2458851-2458879, 2458960-2458961, 2459437-2459455, 2459553-2459579, 2459628-2459647, 2460383, 2460409-2460415, 2460471-2460478, 2460599-2460607, 2461904-2461943, 2462168-2462175, 2462205-2462207, 2462456-2462463, 2462648-2462719, 2463499-2463615, 2463662-2463679, 2463698-2463743, 2466000-2466047, 2466108-2466175, 2466253-2466303, 2467752-2467775, 2467803-2467807, 2468030-2468031, 2468040-2468095, 2468214-2468223, 2468378-2468383, 2468403-2468415, 2468448-2468473, 2468578-2468607, 2468728-2468735, 2469460-2469471, 2469502-2469631, 2469651-2469695, 2469725-2469727, 2469757-2469759, 2472383, 2475452-2475455, 2475476-2475487, 2475509-2475519, 2475537-2475551, 2475578-2475647, 2475669-2475679, 2475699-2475775, 2475819-2475839, 2475875-2475935, 2475963-2475967, 2476008-2476031, 2477224-2477247, 2478880-2478975, 2479021-2479103, 2479705-2479807, 2479844-2479871, 2479954-2479967, 2479992-2480063, 2480108-2486271
  可用inode数: 614401-622592
Group 76: (Blocks 2490368-2523135) [INODE_UNINIT, ITABLE_ZEROED]
  Checksum 0x81e2, unused inodes 8192
  Block bitmap at 2097164 (bg #64 + 12), Inode bitmap at 2097180 (bg #64 + 28)
  Inode表位于 2103328-2103839 (bg #64 + 6176)
  439 free blocks, 8192 free inodes, 0 directories, 8192个未使用的inodes
  可用块数: 2490388-2490399, 2490430-2490495, 2490592-2490599, 2491256-2491295, 2491320-2491327, 2491347-2491359, 2491384-2491391, 2491939-2491967, 2492011-2492095, 2492122-2492159, 2492267-2492351, 2492369-2492415
  可用inode数: 622593-630784
Group 77: (Blocks 2523136-2555903) [INODE_UNINIT, ITABLE_ZEROED]
  Checksum 0x23ff, unused inodes 8192
  Block bitmap at 2097165 (bg #64 + 13), Inode bitmap at 2097181 (bg #64 + 29)
  Inode表位于 2103840-2104351 (bg #64 + 6688)
  0 free blocks, 8192 free inodes, 0 directories, 8192个未使用的inodes
  可用块数: 
  可用inode数: 630785-638976
Group 78: (Blocks 2555904-2588671) [INODE_UNINIT, ITABLE_ZEROED]
  Checksum 0x8291, unused inodes 8192
  Block bitmap at 2097166 (bg #64 + 14), Inode bitmap at 2097182 (bg #64 + 30)
  Inode表位于 2104352-2104863 (bg #64 + 7200)
  0 free blocks, 8192 free inodes, 0 directories, 8192个未使用的inodes
  可用块数: 
  可用inode数: 638977-647168
Group 79: (Blocks 2588672-2621439) [INODE_UNINIT, ITABLE_ZEROED]
  Checksum 0x224a, unused inodes 8192
  Block bitmap at 2097167 (bg #64 + 15), Inode bitmap at 2097183 (bg #64 + 31)
  Inode表位于 2104864-2105375 (bg #64 + 7712)
  0 free blocks, 8192 free inodes, 0 directories, 8192个未使用的inodes
  可用块数: 
  可用inode数: 647169-655360
Group 80: (Blocks 2621440-2654207) [ITABLE_ZEROED]
  Checksum 0xbbf3, unused inodes 8096
  Block bitmap at 2621440 (+0), Inode bitmap at 2621456 (+16)
  Inode表位于 2621472-2621983 (+32)
  910 free blocks, 8096 free inodes, 6 directories, 8096个未使用的inodes
  可用块数: 2631769-2631903, 2653433-2654207
  可用inode数: 655457-663552
Group 81: (Blocks 2654208-2686975) [INODE_UNINIT, ITABLE_ZEROED]
  Checksum 0x67e9, unused inodes 8192
  备份 superblock at 2654208, Group descriptors at 2654209-2654218
  保留的GDT块位于 2654219-2655232
  Block bitmap at 2621441 (bg #80 + 1), Inode bitmap at 2621457 (bg #80 + 17)
  Inode表位于 2621984-2622495 (bg #80 + 544)
  457 free blocks, 8192 free inodes, 0 directories, 8192个未使用的inodes
  可用块数: 2655233-2655263, 2655281-2655295, 2655321-2655327, 2655346-2655359, 2655559-2655615, 2655723-2655743, 2655782-2655807, 2655836-2655839, 2655867-2655871, 2655962-2655967, 2655985-2656255
  可用inode数: 663553-671744
Group 82: (Blocks 2686976-2719743) [INODE_UNINIT, ITABLE_ZEROED]
  Checksum 0xf439, unused inodes 8192
  Block bitmap at 2621442 (bg #80 + 2), Inode bitmap at 2621458 (bg #80 + 18)
  Inode表位于 2622496-2623007 (bg #80 + 1056)
  0 free blocks, 8192 free inodes, 0 directories, 8192个未使用的inodes
  可用块数: 
  可用inode数: 671745-679936
Group 83: (Blocks 2719744-2752511) [INODE_UNINIT, ITABLE_ZEROED]
  Checksum 0x54e2, unused inodes 8192
  Block bitmap at 2621443 (bg #80 + 3), Inode bitmap at 2621459 (bg #80 + 19)
  Inode表位于 2623008-2623519 (bg #80 + 1568)
  0 free blocks, 8192 free inodes, 0 directories, 8192个未使用的inodes
  可用块数: 
  可用inode数: 679937-688128
Group 84: (Blocks 2752512-2785279) [INODE_UNINIT, ITABLE_ZEROED]
  Checksum 0xf6e6, unused inodes 8192
  Block bitmap at 2621444 (bg #80 + 4), Inode bitmap at 2621460 (bg #80 + 20)
  Inode表位于 2623520-2624031 (bg #80 + 2080)
  0 free blocks, 8192 free inodes, 0 directories, 8192个未使用的inodes
  可用块数: 
  可用inode数: 688129-696320
Group 85: (Blocks 2785280-2818047) [INODE_UNINIT, ITABLE_ZEROED]
  Checksum 0x7e8a, unused inodes 8192
  Block bitmap at 2621445 (bg #80 + 5), Inode bitmap at 2621461 (bg #80 + 21)
  Inode表位于 2624032-2624543 (bg #80 + 2592)
  1861 free blocks, 8192 free inodes, 0 directories, 8192个未使用的inodes
  可用块数: 2799616-2800831, 2800887-2800895, 2800916-2800927, 2800950-2800959, 2800996-2801023, 2801078-2801663
  可用inode数: 696321-704512
Group 86: (Blocks 2818048-2850815) [INODE_UNINIT, ITABLE_ZEROED]
  Checksum 0xf753, unused inodes 8192
  Block bitmap at 2621446 (bg #80 + 6), Inode bitmap at 2621462 (bg #80 + 22)
  Inode表位于 2624544-2625055 (bg #80 + 3104)
  0 free blocks, 8192 free inodes, 0 directories, 8192个未使用的inodes
  可用块数: 
  可用inode数: 704513-712704
Group 87: (Blocks 2850816-2883583) [INODE_UNINIT, ITABLE_ZEROED]
  Checksum 0x5788, unused inodes 8192
  Block bitmap at 2621447 (bg #80 + 7), Inode bitmap at 2621463 (bg #80 + 23)
  Inode表位于 2625056-2625567 (bg #80 + 3616)
  0 free blocks, 8192 free inodes, 0 directories, 8192个未使用的inodes
  可用块数: 
  可用inode数: 712705-720896
Group 88: (Blocks 2883584-2916351) [INODE_UNINIT, ITABLE_ZEROED]
  Checksum 0xf358, unused inodes 8192
  Block bitmap at 2621448 (bg #80 + 8), Inode bitmap at 2621464 (bg #80 + 24)
  Inode表位于 2625568-2626079 (bg #80 + 4128)
  0 free blocks, 8192 free inodes, 0 directories, 8192个未使用的inodes
  可用块数: 
  可用inode数: 720897-729088
Group 89: (Blocks 2916352-2949119) [INODE_UNINIT, ITABLE_ZEROED]
  Checksum 0x5383, unused inodes 8192
  Block bitmap at 2621449 (bg #80 + 9), Inode bitmap at 2621465 (bg #80 + 25)
  Inode表位于 2626080-2626591 (bg #80 + 4640)
  0 free blocks, 8192 free inodes, 0 directories, 8192个未使用的inodes
  可用块数: 
  可用inode数: 729089-737280
Group 90: (Blocks 2949120-2981887) [INODE_UNINIT, ITABLE_ZEROED]
  Checksum 0xf2ed, unused inodes 8192
  Block bitmap at 2621450 (bg #80 + 10), Inode bitmap at 2621466 (bg #80 + 26)
  Inode表位于 2626592-2627103 (bg #80 + 5152)
  0 free blocks, 8192 free inodes, 0 directories, 8192个未使用的inodes
  可用块数: 
  可用inode数: 737281-745472
Group 91: (Blocks 2981888-3014655) [INODE_UNINIT, ITABLE_ZEROED]
  Checksum 0x5236, unused inodes 8192
  Block bitmap at 2621451 (bg #80 + 11), Inode bitmap at 2621467 (bg #80 + 27)
  Inode表位于 2627104-2627615 (bg #80 + 5664)
  0 free blocks, 8192 free inodes, 0 directories, 8192个未使用的inodes
  可用块数: 
  可用inode数: 745473-753664
Group 92: (Blocks 3014656-3047423) [INODE_UNINIT, ITABLE_ZEROED]
  Checksum 0xf032, unused inodes 8192
  Block bitmap at 2621452 (bg #80 + 12), Inode bitmap at 2621468 (bg #80 + 28)
  Inode表位于 2627616-2628127 (bg #80 + 6176)
  0 free blocks, 8192 free inodes, 0 directories, 8192个未使用的inodes
  可用块数: 
  可用inode数: 753665-761856
Group 93: (Blocks 3047424-3080191) [INODE_UNINIT, ITABLE_ZEROED]
  Checksum 0x50e9, unused inodes 8192
  Block bitmap at 2621453 (bg #80 + 13), Inode bitmap at 2621469 (bg #80 + 29)
  Inode表位于 2628128-2628639 (bg #80 + 6688)
  0 free blocks, 8192 free inodes, 0 directories, 8192个未使用的inodes
  可用块数: 
  可用inode数: 761857-770048
Group 94: (Blocks 3080192-3112959) [INODE_UNINIT, ITABLE_ZEROED]
  Checksum 0xf187, unused inodes 8192
  Block bitmap at 2621454 (bg #80 + 14), Inode bitmap at 2621470 (bg #80 + 30)
  Inode表位于 2628640-2629151 (bg #80 + 7200)
  0 free blocks, 8192 free inodes, 0 directories, 8192个未使用的inodes
  可用块数: 
  可用inode数: 770049-778240
Group 95: (Blocks 3112960-3145727) [INODE_UNINIT, ITABLE_ZEROED]
  Checksum 0x515c, unused inodes 8192
  Block bitmap at 2621455 (bg #80 + 15), Inode bitmap at 2621471 (bg #80 + 31)
  Inode表位于 2629152-2629663 (bg #80 + 7712)
  0 free blocks, 8192 free inodes, 0 directories, 8192个未使用的inodes
  可用块数: 
  可用inode数: 778241-786432
Group 96: (Blocks 3145728-3178495) [ITABLE_ZEROED]
  Checksum 0x0c52, unused inodes 8191
  Block bitmap at 3145728 (+0), Inode bitmap at 3145744 (+16)
  Inode表位于 3145760-3146271 (+32)
  30 free blocks, 8191 free inodes, 1 directories, 8191个未使用的inodes
  可用块数: 3178466-3178495
  可用inode数: 786434-794624
Group 97: (Blocks 3178496-3211263) [INODE_UNINIT, ITABLE_ZEROED]
  Checksum 0xc06d, unused inodes 8192
  Block bitmap at 3145729 (bg #96 + 1), Inode bitmap at 3145745 (bg #96 + 17)
  Inode表位于 3146272-3146783 (bg #96 + 544)
  0 free blocks, 8192 free inodes, 0 directories, 8192个未使用的inodes
  可用块数: 
  可用inode数: 794625-802816
Group 98: (Blocks 3211264-3244031) [INODE_UNINIT, ITABLE_ZEROED]
  Checksum 0x6103, unused inodes 8192
  Block bitmap at 3145730 (bg #96 + 2), Inode bitmap at 3145746 (bg #96 + 18)
  Inode表位于 3146784-3147295 (bg #96 + 1056)
  0 free blocks, 8192 free inodes, 0 directories, 8192个未使用的inodes
  可用块数: 
  可用inode数: 802817-811008
Group 99: (Blocks 3244032-3276799) [INODE_UNINIT, ITABLE_ZEROED]
  Checksum 0xc1d8, unused inodes 8192
  Block bitmap at 3145731 (bg #96 + 3), Inode bitmap at 3145747 (bg #96 + 19)
  Inode表位于 3147296-3147807 (bg #96 + 1568)
  0 free blocks, 8192 free inodes, 0 directories, 8192个未使用的inodes
  可用块数: 
  可用inode数: 811009-819200
Group 100: (Blocks 3276800-3309567) [INODE_UNINIT, ITABLE_ZEROED]
  Checksum 0x63dc, unused inodes 8192
  Block bitmap at 3145732 (bg #96 + 4), Inode bitmap at 3145748 (bg #96 + 20)
  Inode表位于 3147808-3148319 (bg #96 + 2080)
  0 free blocks, 8192 free inodes, 0 directories, 8192个未使用的inodes
  可用块数: 
  可用inode数: 819201-827392
Group 101: (Blocks 3309568-3342335) [INODE_UNINIT, ITABLE_ZEROED]
  Checksum 0xa3a6, unused inodes 8192
  Block bitmap at 3145733 (bg #96 + 5), Inode bitmap at 3145749 (bg #96 + 21)
  Inode表位于 3148320-3148831 (bg #96 + 2592)
  512 free blocks, 8192 free inodes, 0 directories, 8192个未使用的inodes
  可用块数: 3319296-3319807
  可用inode数: 827393-835584
Group 102: (Blocks 3342336-3375103) [INODE_UNINIT, ITABLE_ZEROED]
  Checksum 0xa32b, unused inodes 8192
  Block bitmap at 3145734 (bg #96 + 6), Inode bitmap at 3145750 (bg #96 + 22)
  Inode表位于 3148832-3149343 (bg #96 + 3104)
  1024 free blocks, 8192 free inodes, 0 directories, 8192个未使用的inodes
  可用块数: 3345408-3346431
  可用inode数: 835585-843776
Group 103: (Blocks 3375104-3407871) [INODE_UNINIT, ITABLE_ZEROED]
  Checksum 0xc2b2, unused inodes 8192
  Block bitmap at 3145735 (bg #96 + 7), Inode bitmap at 3145751 (bg #96 + 23)
  Inode表位于 3149344-3149855 (bg #96 + 3616)
  0 free blocks, 8192 free inodes, 0 directories, 8192个未使用的inodes
  可用块数: 
  可用inode数: 843777-851968
Group 104: (Blocks 3407872-3440639) [INODE_UNINIT, ITABLE_ZEROED]
  Checksum 0x6662, unused inodes 8192
  Block bitmap at 3145736 (bg #96 + 8), Inode bitmap at 3145752 (bg #96 + 24)
  Inode表位于 3149856-3150367 (bg #96 + 4128)
  0 free blocks, 8192 free inodes, 0 directories, 8192个未使用的inodes
  可用块数: 
  可用inode数: 851969-860160
Group 105: (Blocks 3440640-3473407) [INODE_UNINIT, ITABLE_ZEROED]
  Checksum 0xc6b9, unused inodes 8192
  Block bitmap at 3145737 (bg #96 + 9), Inode bitmap at 3145753 (bg #96 + 25)
  Inode表位于 3150368-3150879 (bg #96 + 4640)
  0 free blocks, 8192 free inodes, 0 directories, 8192个未使用的inodes
  可用块数: 
  可用inode数: 860161-868352
Group 106: (Blocks 3473408-3506175) [INODE_UNINIT, ITABLE_ZEROED]
  Checksum 0x2919, unused inodes 8192
  Block bitmap at 3145738 (bg #96 + 10), Inode bitmap at 3145754 (bg #96 + 26)
  Inode表位于 3150880-3151391 (bg #96 + 5152)
  4622 free blocks, 8192 free inodes, 0 directories, 8192个未使用的inodes
  可用块数: 3491840-3492863, 3493632-3493886, 3493890-3493928, 3494395-3494911, 3495937-3497983, 3499292-3500031
  可用inode数: 868353-876544
Group 107: (Blocks 3506176-3538943) [INODE_UNINIT, ITABLE_ZEROED]
  Checksum 0xd6ee, unused inodes 8192
  Block bitmap at 3145739 (bg #96 + 11), Inode bitmap at 3145755 (bg #96 + 27)
  Inode表位于 3151392-3151903 (bg #96 + 5664)
  1876 free blocks, 8192 free inodes, 0 directories, 8192个未使用的inodes
  可用块数: 3507961-3507967, 3508196-3508223, 3509096-3509247, 3514667-3514879, 3516988-3518463
  可用inode数: 876545-884736
Group 108: (Blocks 3538944-3571711) [INODE_UNINIT, ITABLE_ZEROED]
  Checksum 0x6508, unused inodes 8192
  Block bitmap at 3145740 (bg #96 + 12), Inode bitmap at 3145756 (bg #96 + 28)
  Inode表位于 3151904-3152415 (bg #96 + 6176)
  0 free blocks, 8192 free inodes, 0 directories, 8192个未使用的inodes
  可用块数: 
  可用inode数: 884737-892928
Group 109: (Blocks 3571712-3604479) [INODE_UNINIT, ITABLE_ZEROED]
  Checksum 0x0754, unused inodes 8192
  Block bitmap at 3145741 (bg #96 + 13), Inode bitmap at 3145757 (bg #96 + 29)
  Inode表位于 3152416-3152927 (bg #96 + 6688)
  2048 free blocks, 8192 free inodes, 0 directories, 8192个未使用的inodes
  可用块数: 3590144-3591679, 3603968-3604479
  可用inode数: 892929-901120
Group 110: (Blocks 3604480-3637247) [INODE_UNINIT, ITABLE_ZEROED]
  Checksum 0x64bd, unused inodes 8192
  Block bitmap at 3145742 (bg #96 + 14), Inode bitmap at 3145758 (bg #96 + 30)
  Inode表位于 3152928-3153439 (bg #96 + 7200)
  0 free blocks, 8192 free inodes, 0 directories, 8192个未使用的inodes
  可用块数: 
  可用inode数: 901121-909312
Group 111: (Blocks 3637248-3670015) [INODE_UNINIT, ITABLE_ZEROED]
  Checksum 0xc466, unused inodes 8192
  Block bitmap at 3145743 (bg #96 + 15), Inode bitmap at 3145759 (bg #96 + 31)
  Inode表位于 3153440-3153951 (bg #96 + 7712)
  0 free blocks, 8192 free inodes, 0 directories, 8192个未使用的inodes
  可用块数: 
  可用inode数: 909313-917504
Group 112: (Blocks 3670016-3702783) [INODE_UNINIT, ITABLE_ZEROED]
  Checksum 0x079e, unused inodes 8192
  Block bitmap at 3670016 (+0), Inode bitmap at 3670032 (+16)
  Inode表位于 3670048-3670559 (+32)
  24544 free blocks, 8192 free inodes, 0 directories, 8192个未使用的inodes
  可用块数: 3678240-3702783
  可用inode数: 917505-925696
Group 113: (Blocks 3702784-3735551) [INODE_UNINIT, ITABLE_ZEROED]
  Checksum 0xb37b, unused inodes 8192
  Block bitmap at 3670017 (bg #112 + 1), Inode bitmap at 3670033 (bg #112 + 17)
  Inode表位于 3670560-3671071 (bg #112 + 544)
  0 free blocks, 8192 free inodes, 0 directories, 8192个未使用的inodes
  可用块数: 
  可用inode数: 925697-933888
Group 114: (Blocks 3735552-3768319) [INODE_UNINIT, ITABLE_ZEROED]
  Checksum 0x1215, unused inodes 8192
  Block bitmap at 3670018 (bg #112 + 2), Inode bitmap at 3670034 (bg #112 + 18)
  Inode表位于 3671072-3671583 (bg #112 + 1056)
  0 free blocks, 8192 free inodes, 0 directories, 8192个未使用的inodes
  可用块数: 
  可用inode数: 933889-942080
Group 115: (Blocks 3768320-3801087) [INODE_UNINIT, ITABLE_ZEROED]
  Checksum 0xb2ce, unused inodes 8192
  Block bitmap at 3670019 (bg #112 + 3), Inode bitmap at 3670035 (bg #112 + 19)
  Inode表位于 3671584-3672095 (bg #112 + 1568)
  0 free blocks, 8192 free inodes, 0 directories, 8192个未使用的inodes
  可用块数: 
  可用inode数: 942081-950272
Group 116: (Blocks 3801088-3833855) [INODE_UNINIT, ITABLE_ZEROED]
  Checksum 0x10ca, unused inodes 8192
  Block bitmap at 3670020 (bg #112 + 4), Inode bitmap at 3670036 (bg #112 + 20)
  Inode表位于 3672096-3672607 (bg #112 + 2080)
  0 free blocks, 8192 free inodes, 0 directories, 8192个未使用的inodes
  可用块数: 
  可用inode数: 950273-958464
Group 117: (Blocks 3833856-3866623) [INODE_UNINIT, ITABLE_ZEROED]
  Checksum 0xb011, unused inodes 8192
  Block bitmap at 3670021 (bg #112 + 5), Inode bitmap at 3670037 (bg #112 + 21)
  Inode表位于 3672608-3673119 (bg #112 + 2592)
  0 free blocks, 8192 free inodes, 0 directories, 8192个未使用的inodes
  可用块数: 
  可用inode数: 958465-966656
Group 118: (Blocks 3866624-3899391) [INODE_UNINIT, ITABLE_ZEROED]
  Checksum 0x117f, unused inodes 8192
  Block bitmap at 3670022 (bg #112 + 6), Inode bitmap at 3670038 (bg #112 + 22)
  Inode表位于 3673120-3673631 (bg #112 + 3104)
  0 free blocks, 8192 free inodes, 0 directories, 8192个未使用的inodes
  可用块数: 
  可用inode数: 966657-974848
Group 119: (Blocks 3899392-3932159) [INODE_UNINIT, ITABLE_ZEROED]
  Checksum 0xb1a4, unused inodes 8192
  Block bitmap at 3670023 (bg #112 + 7), Inode bitmap at 3670039 (bg #112 + 23)
  Inode表位于 3673632-3674143 (bg #112 + 3616)
  0 free blocks, 8192 free inodes, 0 directories, 8192个未使用的inodes
  可用块数: 
  可用inode数: 974849-983040
Group 120: (Blocks 3932160-3964927) [INODE_UNINIT, ITABLE_ZEROED]
  Checksum 0x1574, unused inodes 8192
  Block bitmap at 3670024 (bg #112 + 8), Inode bitmap at 3670040 (bg #112 + 24)
  Inode表位于 3674144-3674655 (bg #112 + 4128)
  0 free blocks, 8192 free inodes, 0 directories, 8192个未使用的inodes
  可用块数: 
  可用inode数: 983041-991232
Group 121: (Blocks 3964928-3997695) [INODE_UNINIT, ITABLE_ZEROED]
  Checksum 0xb5af, unused inodes 8192
  Block bitmap at 3670025 (bg #112 + 9), Inode bitmap at 3670041 (bg #112 + 25)
  Inode表位于 3674656-3675167 (bg #112 + 4640)
  0 free blocks, 8192 free inodes, 0 directories, 8192个未使用的inodes
  可用块数: 
  可用inode数: 991233-999424
Group 122: (Blocks 3997696-4030463) [INODE_UNINIT, ITABLE_ZEROED]
  Checksum 0x14c1, unused inodes 8192
  Block bitmap at 3670026 (bg #112 + 10), Inode bitmap at 3670042 (bg #112 + 26)
  Inode表位于 3675168-3675679 (bg #112 + 5152)
  0 free blocks, 8192 free inodes, 0 directories, 8192个未使用的inodes
  可用块数: 
  可用inode数: 999425-1007616
Group 123: (Blocks 4030464-4063231) [INODE_UNINIT, ITABLE_ZEROED]
  Checksum 0xb41a, unused inodes 8192
  Block bitmap at 3670027 (bg #112 + 11), Inode bitmap at 3670043 (bg #112 + 27)
  Inode表位于 3675680-3676191 (bg #112 + 5664)
  0 free blocks, 8192 free inodes, 0 directories, 8192个未使用的inodes
  可用块数: 
  可用inode数: 1007617-1015808
Group 124: (Blocks 4063232-4095999) [INODE_UNINIT, ITABLE_ZEROED]
  Checksum 0x161e, unused inodes 8192
  Block bitmap at 3670028 (bg #112 + 12), Inode bitmap at 3670044 (bg #112 + 28)
  Inode表位于 3676192-3676703 (bg #112 + 6176)
  0 free blocks, 8192 free inodes, 0 directories, 8192个未使用的inodes
  可用块数: 
  可用inode数: 1015809-1024000
Group 125: (Blocks 4096000-4128767) [INODE_UNINIT, ITABLE_ZEROED]
  Checksum 0x6235, unused inodes 8192
  备份 superblock at 4096000, Group descriptors at 4096001-4096010
  保留的GDT块位于 4096011-4097024
  Block bitmap at 3670029 (bg #112 + 13), Inode bitmap at 3670045 (bg #112 + 29)
  Inode表位于 3676704-3677215 (bg #112 + 6688)
  1023 free blocks, 8192 free inodes, 0 directories, 8192个未使用的inodes
  可用块数: 4097025-4098047
  可用inode数: 1024001-1032192
Group 126: (Blocks 4128768-4161535) [INODE_UNINIT, ITABLE_ZEROED]
  Checksum 0x770a, unused inodes 8192
  Block bitmap at 3670030 (bg #112 + 14), Inode bitmap at 3670046 (bg #112 + 30)
  Inode表位于 3677216-3677727 (bg #112 + 7200)
  512 free blocks, 8192 free inodes, 0 directories, 8192个未使用的inodes
  可用块数: 4161024-4161535
  可用inode数: 1032193-1040384
Group 127: (Blocks 4161536-4194303) [INODE_UNINIT, ITABLE_ZEROED]
  Checksum 0xb770, unused inodes 8192
  Block bitmap at 3670031 (bg #112 + 15), Inode bitmap at 3670047 (bg #112 + 31)
  Inode表位于 3677728-3678239 (bg #112 + 7712)
  0 free blocks, 8192 free inodes, 0 directories, 8192个未使用的inodes
  可用块数: 
  可用inode数: 1040385-1048576
Group 128: (Blocks 4194304-4227071) [INODE_UNINIT, ITABLE_ZEROED]
  Checksum 0x464a, unused inodes 8192
  Block bitmap at 4194304 (+0), Inode bitmap at 4194320 (+16)
  Inode表位于 4194336-4194847 (+32)
  24544 free blocks, 8192 free inodes, 0 directories, 8192个未使用的inodes
  可用块数: 4202528-4227071
  可用inode数: 1048577-1056768
Group 129: (Blocks 4227072-4259839) [INODE_UNINIT, ITABLE_ZEROED]
  Checksum 0xf2af, unused inodes 8192
  Block bitmap at 4194305 (bg #128 + 1), Inode bitmap at 4194321 (bg #128 + 17)
  Inode表位于 4194848-4195359 (bg #128 + 544)
  0 free blocks, 8192 free inodes, 0 directories, 8192个未使用的inodes
  可用块数: 
  可用inode数: 1056769-1064960
Group 130: (Blocks 4259840-4292607) [INODE_UNINIT, ITABLE_ZEROED]
  Checksum 0x53c1, unused inodes 8192
  Block bitmap at 4194306 (bg #128 + 2), Inode bitmap at 4194322 (bg #128 + 18)
  Inode表位于 4195360-4195871 (bg #128 + 1056)
  0 free blocks, 8192 free inodes, 0 directories, 8192个未使用的inodes
  可用块数: 
  可用inode数: 1064961-1073152
Group 131: (Blocks 4292608-4325375) [INODE_UNINIT, ITABLE_ZEROED]
  Checksum 0xf31a, unused inodes 8192
  Block bitmap at 4194307 (bg #128 + 3), Inode bitmap at 4194323 (bg #128 + 19)
  Inode表位于 4195872-4196383 (bg #128 + 1568)
  0 free blocks, 8192 free inodes, 0 directories, 8192个未使用的inodes
  可用块数: 
  可用inode数: 1073153-1081344
Group 132: (Blocks 4325376-4358143) [INODE_UNINIT, ITABLE_ZEROED]
  Checksum 0x511e, unused inodes 8192
  Block bitmap at 4194308 (bg #128 + 4), Inode bitmap at 4194324 (bg #128 + 20)
  Inode表位于 4196384-4196895 (bg #128 + 2080)
  0 free blocks, 8192 free inodes, 0 directories, 8192个未使用的inodes
  可用块数: 
  可用inode数: 1081345-1089536
Group 133: (Blocks 4358144-4390911) [INODE_UNINIT, ITABLE_ZEROED]
  Checksum 0xf1c5, unused inodes 8192
  Block bitmap at 4194309 (bg #128 + 5), Inode bitmap at 4194325 (bg #128 + 21)
  Inode表位于 4196896-4197407 (bg #128 + 2592)
  0 free blocks, 8192 free inodes, 0 directories, 8192个未使用的inodes
  可用块数: 
  可用inode数: 1089537-1097728
Group 134: (Blocks 4390912-4423679) [INODE_UNINIT, ITABLE_ZEROED]
  Checksum 0x50ab, unused inodes 8192
  Block bitmap at 4194310 (bg #128 + 6), Inode bitmap at 4194326 (bg #128 + 22)
  Inode表位于 4197408-4197919 (bg #128 + 3104)
  0 free blocks, 8192 free inodes, 0 directories, 8192个未使用的inodes
  可用块数: 
  可用inode数: 1097729-1105920
Group 135: (Blocks 4423680-4456447) [INODE_UNINIT, ITABLE_ZEROED]
  Checksum 0xf070, unused inodes 8192
  Block bitmap at 4194311 (bg #128 + 7), Inode bitmap at 4194327 (bg #128 + 23)
  Inode表位于 4197920-4198431 (bg #128 + 3616)
  0 free blocks, 8192 free inodes, 0 directories, 8192个未使用的inodes
  可用块数: 
  可用inode数: 1105921-1114112
Group 136: (Blocks 4456448-4489215) [INODE_UNINIT, ITABLE_ZEROED]
  Checksum 0x54a0, unused inodes 8192
  Block bitmap at 4194312 (bg #128 + 8), Inode bitmap at 4194328 (bg #128 + 24)
  Inode表位于 4198432-4198943 (bg #128 + 4128)
  0 free blocks, 8192 free inodes, 0 directories, 8192个未使用的inodes
  可用块数: 
  可用inode数: 1114113-1122304
Group 137: (Blocks 4489216-4521983) [INODE_UNINIT, ITABLE_ZEROED]
  Checksum 0xf47b, unused inodes 8192
  Block bitmap at 4194313 (bg #128 + 9), Inode bitmap at 4194329 (bg #128 + 25)
  Inode表位于 4198944-4199455 (bg #128 + 4640)
  0 free blocks, 8192 free inodes, 0 directories, 8192个未使用的inodes
  可用块数: 
  可用inode数: 1122305-1130496
Group 138: (Blocks 4521984-4554751) [INODE_UNINIT, ITABLE_ZEROED]
  Checksum 0x5515, unused inodes 8192
  Block bitmap at 4194314 (bg #128 + 10), Inode bitmap at 4194330 (bg #128 + 26)
  Inode表位于 4199456-4199967 (bg #128 + 5152)
  0 free blocks, 8192 free inodes, 0 directories, 8192个未使用的inodes
  可用块数: 
  可用inode数: 1130497-1138688
Group 139: (Blocks 4554752-4587519) [INODE_UNINIT, ITABLE_ZEROED]
  Checksum 0xf5ce, unused inodes 8192
  Block bitmap at 4194315 (bg #128 + 11), Inode bitmap at 4194331 (bg #128 + 27)
  Inode表位于 4199968-4200479 (bg #128 + 5664)
  0 free blocks, 8192 free inodes, 0 directories, 8192个未使用的inodes
  可用块数: 
  可用inode数: 1138689-1146880
Group 140: (Blocks 4587520-4620287) [INODE_UNINIT, ITABLE_ZEROED]
  Checksum 0x338f, unused inodes 8192
  Block bitmap at 4194316 (bg #128 + 12), Inode bitmap at 4194332 (bg #128 + 28)
  Inode表位于 4200480-4200991 (bg #128 + 6176)
  1000 free blocks, 8192 free inodes, 0 directories, 8192个未使用的inodes
  可用块数: 4602904-4603903
  可用inode数: 1146881-1155072
Group 141: (Blocks 4620288-4653055) [INODE_UNINIT, ITABLE_ZEROED]
  Checksum 0xf711, unused inodes 8192
  Block bitmap at 4194317 (bg #128 + 13), Inode bitmap at 4194333 (bg #128 + 29)
  Inode表位于 4200992-4201503 (bg #128 + 6688)
  0 free blocks, 8192 free inodes, 0 directories, 8192个未使用的inodes
  可用块数: 
  可用inode数: 1155073-1163264
Group 142: (Blocks 4653056-4685823) [INODE_UNINIT, ITABLE_ZEROED]
  Checksum 0x567f, unused inodes 8192
  Block bitmap at 4194318 (bg #128 + 14), Inode bitmap at 4194334 (bg #128 + 30)
  Inode表位于 4201504-4202015 (bg #128 + 7200)
  0 free blocks, 8192 free inodes, 0 directories, 8192个未使用的inodes
  可用块数: 
  可用inode数: 1163265-1171456
Group 143: (Blocks 4685824-4718591) [INODE_UNINIT, ITABLE_ZEROED]
  Checksum 0xf6a4, unused inodes 8192
  Block bitmap at 4194319 (bg #128 + 15), Inode bitmap at 4194335 (bg #128 + 31)
  Inode表位于 4202016-4202527 (bg #128 + 7712)
  0 free blocks, 8192 free inodes, 0 directories, 8192个未使用的inodes
  可用块数: 
  可用inode数: 1171457-1179648
Group 144: (Blocks 4718592-4751359) [INODE_UNINIT, ITABLE_ZEROED]
  Checksum 0x355c, unused inodes 8192
  Block bitmap at 4718592 (+0), Inode bitmap at 4718608 (+16)
  Inode表位于 4718624-4719135 (+32)
  24544 free blocks, 8192 free inodes, 0 directories, 8192个未使用的inodes
  可用块数: 4726816-4751359
  可用inode数: 1179649-1187840
Group 145: (Blocks 4751360-4784127) [INODE_UNINIT, ITABLE_ZEROED]
  Checksum 0xe118, unused inodes 8192
  Block bitmap at 4718593 (bg #144 + 1), Inode bitmap at 4718609 (bg #144 + 17)
  Inode表位于 4719136-4719647 (bg #144 + 544)
  512 free blocks, 8192 free inodes, 0 directories, 8192个未使用的inodes
  可用块数: 4783616-4784127
  可用inode数: 1187841-1196032
Group 146: (Blocks 4784128-4816895) [INODE_UNINIT, ITABLE_ZEROED]
  Checksum 0xdf28, unused inodes 8192
  Block bitmap at 4718594 (bg #144 + 2), Inode bitmap at 4718610 (bg #144 + 18)
  Inode表位于 4719648-4720159 (bg #144 + 1056)
  816 free blocks, 8192 free inodes, 0 directories, 8192个未使用的inodes
  可用块数: 4797648-4798463
  可用inode数: 1196033-1204224
Group 147: (Blocks 4816896-4849663) [INODE_UNINIT, ITABLE_ZEROED]
  Checksum 0x800c, unused inodes 8192
  Block bitmap at 4718595 (bg #144 + 3), Inode bitmap at 4718611 (bg #144 + 19)
  Inode表位于 4720160-4720671 (bg #144 + 1568)
  0 free blocks, 8192 free inodes, 0 directories, 8192个未使用的inodes
  可用块数: 
  可用inode数: 1204225-1212416
Group 148: (Blocks 4849664-4882431) [INODE_UNINIT, ITABLE_ZEROED]
  Checksum 0x2208, unused inodes 8192
  Block bitmap at 4718596 (bg #144 + 4), Inode bitmap at 4718612 (bg #144 + 20)
  Inode表位于 4720672-4721183 (bg #144 + 2080)
  0 free blocks, 8192 free inodes, 0 directories, 8192个未使用的inodes
  可用块数: 
  可用inode数: 1212417-1220608
Group 149: (Blocks 4882432-4915199) [INODE_UNINIT, ITABLE_ZEROED]
  Checksum 0x82d3, unused inodes 8192
  Block bitmap at 4718597 (bg #144 + 5), Inode bitmap at 4718613 (bg #144 + 21)
  Inode表位于 4721184-4721695 (bg #144 + 2592)
  0 free blocks, 8192 free inodes, 0 directories, 8192个未使用的inodes
  可用块数: 
  可用inode数: 1220609-1228800
Group 150: (Blocks 4915200-4947967) [INODE_UNINIT, ITABLE_ZEROED]
  Checksum 0x23bd, unused inodes 8192
  Block bitmap at 4718598 (bg #144 + 6), Inode bitmap at 4718614 (bg #144 + 22)
  Inode表位于 4721696-4722207 (bg #144 + 3104)
  0 free blocks, 8192 free inodes, 0 directories, 8192个未使用的inodes
  可用块数: 
  可用inode数: 1228801-1236992
Group 151: (Blocks 4947968-4980735) [INODE_UNINIT, ITABLE_ZEROED]
  Checksum 0x8366, unused inodes 8192
  Block bitmap at 4718599 (bg #144 + 7), Inode bitmap at 4718615 (bg #144 + 23)
  Inode表位于 4722208-4722719 (bg #144 + 3616)
  0 free blocks, 8192 free inodes, 0 directories, 8192个未使用的inodes
  可用块数: 
  可用inode数: 1236993-1245184
Group 152: (Blocks 4980736-5013503) [INODE_UNINIT, ITABLE_ZEROED]
  Checksum 0x4717, unused inodes 8192
  Block bitmap at 4718600 (bg #144 + 8), Inode bitmap at 4718616 (bg #144 + 24)
  Inode表位于 4722720-4723231 (bg #144 + 4128)
  512 free blocks, 8192 free inodes, 0 directories, 8192个未使用的inodes
  可用块数: 4996608-4997119
  可用inode数: 1245185-1253376
Group 153: (Blocks 5013504-5046271) [INODE_UNINIT, ITABLE_ZEROED]
  Checksum 0x876d, unused inodes 8192
  Block bitmap at 4718601 (bg #144 + 9), Inode bitmap at 4718617 (bg #144 + 25)
  Inode表位于 4723232-4723743 (bg #144 + 4640)
  0 free blocks, 8192 free inodes, 0 directories, 8192个未使用的inodes
  可用块数: 
  可用inode数: 1253377-1261568
Group 154: (Blocks 5046272-5079039) [INODE_UNINIT, ITABLE_ZEROED]
  Checksum 0x2603, unused inodes 8192
  Block bitmap at 4718602 (bg #144 + 10), Inode bitmap at 4718618 (bg #144 + 26)
  Inode表位于 4723744-4724255 (bg #144 + 5152)
  0 free blocks, 8192 free inodes, 0 directories, 8192个未使用的inodes
  可用块数: 
  可用inode数: 1261569-1269760
Group 155: (Blocks 5079040-5111807) [INODE_UNINIT, ITABLE_ZEROED]
  Checksum 0x86d8, unused inodes 8192
  Block bitmap at 4718603 (bg #144 + 11), Inode bitmap at 4718619 (bg #144 + 27)
  Inode表位于 4724256-4724767 (bg #144 + 5664)
  0 free blocks, 8192 free inodes, 0 directories, 8192个未使用的inodes
  可用块数: 
  可用inode数: 1269761-1277952
Group 156: (Blocks 5111808-5144575) [INODE_UNINIT, ITABLE_ZEROED]
  Checksum 0x24dc, unused inodes 8192
  Block bitmap at 4718604 (bg #144 + 12), Inode bitmap at 4718620 (bg #144 + 28)
  Inode表位于 4724768-4725279 (bg #144 + 6176)
  0 free blocks, 8192 free inodes, 0 directories, 8192个未使用的inodes
  可用块数: 
  可用inode数: 1277953-1286144
Group 157: (Blocks 5144576-5177343) [INODE_UNINIT, ITABLE_ZEROED]
  Checksum 0x8407, unused inodes 8192
  Block bitmap at 4718605 (bg #144 + 13), Inode bitmap at 4718621 (bg #144 + 29)
  Inode表位于 4725280-4725791 (bg #144 + 6688)
  0 free blocks, 8192 free inodes, 0 directories, 8192个未使用的inodes
  可用块数: 
  可用inode数: 1286145-1294336
Group 158: (Blocks 5177344-5210111) [INODE_UNINIT, ITABLE_ZEROED]
  Checksum 0x2569, unused inodes 8192
  Block bitmap at 4718606 (bg #144 + 14), Inode bitmap at 4718622 (bg #144 + 30)
  Inode表位于 4725792-4726303 (bg #144 + 7200)
  0 free blocks, 8192 free inodes, 0 directories, 8192个未使用的inodes
  可用块数: 
  可用inode数: 1294337-1302528
Group 159: (Blocks 5210112-5242879) [INODE_UNINIT, ITABLE_ZEROED]
  Checksum 0x85b2, unused inodes 8192
  Block bitmap at 4718607 (bg #144 + 15), Inode bitmap at 4718623 (bg #144 + 31)
  Inode表位于 4726304-4726815 (bg #144 + 7712)
  0 free blocks, 8192 free inodes, 0 directories, 8192个未使用的inodes
  可用块数: 
  可用inode数: 1302529-1310720
Group 160: (Blocks 5242880-5275647) [INODE_UNINIT, ITABLE_ZEROED]
  Checksum 0xa066, unused inodes 8192
  Block bitmap at 5242880 (+0), Inode bitmap at 5242896 (+16)
  Inode表位于 5242912-5243423 (+32)
  24544 free blocks, 8192 free inodes, 0 directories, 8192个未使用的inodes
  可用块数: 5251104-5275647
  可用inode数: 1310721-1318912
Group 161: (Blocks 5275648-5308415) [INODE_UNINIT, ITABLE_ZEROED]
  Checksum 0x1483, unused inodes 8192
  Block bitmap at 5242881 (bg #160 + 1), Inode bitmap at 5242897 (bg #160 + 17)
  Inode表位于 5243424-5243935 (bg #160 + 544)
  0 free blocks, 8192 free inodes, 0 directories, 8192个未使用的inodes
  可用块数: 
  可用inode数: 1318913-1327104
Group 162: (Blocks 5308416-5341183) [INODE_UNINIT, ITABLE_ZEROED]
  Checksum 0xb5ed, unused inodes 8192
  Block bitmap at 5242882 (bg #160 + 2), Inode bitmap at 5242898 (bg #160 + 18)
  Inode表位于 5243936-5244447 (bg #160 + 1056)
  0 free blocks, 8192 free inodes, 0 directories, 8192个未使用的inodes
  可用块数: 
  可用inode数: 1327105-1335296
Group 163: (Blocks 5341184-5373951) [INODE_UNINIT, ITABLE_ZEROED]
  Checksum 0x1536, unused inodes 8192
  Block bitmap at 5242883 (bg #160 + 3), Inode bitmap at 5242899 (bg #160 + 19)
  Inode表位于 5244448-5244959 (bg #160 + 1568)
  0 free blocks, 8192 free inodes, 0 directories, 8192个未使用的inodes
  可用块数: 
  可用inode数: 1335297-1343488
Group 164: (Blocks 5373952-5406719) [INODE_UNINIT, ITABLE_ZEROED]
  Checksum 0xb732, unused inodes 8192
  Block bitmap at 5242884 (bg #160 + 4), Inode bitmap at 5242900 (bg #160 + 20)
  Inode表位于 5244960-5245471 (bg #160 + 2080)
  0 free blocks, 8192 free inodes, 0 directories, 8192个未使用的inodes
  可用块数: 
  可用inode数: 1343489-1351680
Group 165: (Blocks 5406720-5439487) [INODE_UNINIT, ITABLE_ZEROED]
  Checksum 0x17e9, unused inodes 8192
  Block bitmap at 5242885 (bg #160 + 5), Inode bitmap at 5242901 (bg #160 + 21)
  Inode表位于 5245472-5245983 (bg #160 + 2592)
  0 free blocks, 8192 free inodes, 0 directories, 8192个未使用的inodes
  可用块数: 
  可用inode数: 1351681-1359872
Group 166: (Blocks 5439488-5472255) [INODE_UNINIT, ITABLE_ZEROED]
  Checksum 0xb687, unused inodes 8192
  Block bitmap at 5242886 (bg #160 + 6), Inode bitmap at 5242902 (bg #160 + 22)
  Inode表位于 5245984-5246495 (bg #160 + 3104)
  0 free blocks, 8192 free inodes, 0 directories, 8192个未使用的inodes
  可用块数: 
  可用inode数: 1359873-1368064
Group 167: (Blocks 5472256-5505023) [INODE_UNINIT, ITABLE_ZEROED]
  Checksum 0x165c, unused inodes 8192
  Block bitmap at 5242887 (bg #160 + 7), Inode bitmap at 5242903 (bg #160 + 23)
  Inode表位于 5246496-5247007 (bg #160 + 3616)
  0 free blocks, 8192 free inodes, 0 directories, 8192个未使用的inodes
  可用块数: 
  可用inode数: 1368065-1376256
Group 168: (Blocks 5505024-5537791) [INODE_UNINIT, ITABLE_ZEROED]
  Checksum 0xb28c, unused inodes 8192
  Block bitmap at 5242888 (bg #160 + 8), Inode bitmap at 5242904 (bg #160 + 24)
  Inode表位于 5247008-5247519 (bg #160 + 4128)
  0 free blocks, 8192 free inodes, 0 directories, 8192个未使用的inodes
  可用块数: 
  可用inode数: 1376257-1384448
Group 169: (Blocks 5537792-5570559) [INODE_UNINIT, ITABLE_ZEROED]
  Checksum 0x1257, unused inodes 8192
  Block bitmap at 5242889 (bg #160 + 9), Inode bitmap at 5242905 (bg #160 + 25)
  Inode表位于 5247520-5248031 (bg #160 + 4640)
  0 free blocks, 8192 free inodes, 0 directories, 8192个未使用的inodes
  可用块数: 
  可用inode数: 1384449-1392640
Group 170: (Blocks 5570560-5603327) [INODE_UNINIT, ITABLE_ZEROED]
  Checksum 0xb339, unused inodes 8192
  Block bitmap at 5242890 (bg #160 + 10), Inode bitmap at 5242906 (bg #160 + 26)
  Inode表位于 5248032-5248543 (bg #160 + 5152)
  0 free blocks, 8192 free inodes, 0 directories, 8192个未使用的inodes
  可用块数: 
  可用inode数: 1392641-1400832
Group 171: (Blocks 5603328-5636095) [INODE_UNINIT, ITABLE_ZEROED]
  Checksum 0x7343, unused inodes 8192
  Block bitmap at 5242891 (bg #160 + 11), Inode bitmap at 5242907 (bg #160 + 27)
  Inode表位于 5248544-5249055 (bg #160 + 5664)
  512 free blocks, 8192 free inodes, 0 directories, 8192个未使用的inodes
  可用块数: 5617152-5617663
  可用inode数: 1400833-1409024
Group 172: (Blocks 5636096-5668863) [INODE_UNINIT, ITABLE_ZEROED]
  Checksum 0xb1e6, unused inodes 8192
  Block bitmap at 5242892 (bg #160 + 12), Inode bitmap at 5242908 (bg #160 + 28)
  Inode表位于 5249056-5249567 (bg #160 + 6176)
  0 free blocks, 8192 free inodes, 0 directories, 8192个未使用的inodes
  可用块数: 
  可用inode数: 1409025-1417216
Group 173: (Blocks 5668864-5701631) [INODE_UNINIT, ITABLE_ZEROED]
  Checksum 0x113d, unused inodes 8192
  Block bitmap at 5242893 (bg #160 + 13), Inode bitmap at 5242909 (bg #160 + 29)
  Inode表位于 5249568-5250079 (bg #160 + 6688)
  0 free blocks, 8192 free inodes, 0 directories, 8192个未使用的inodes
  可用块数: 
  可用inode数: 1417217-1425408
Group 174: (Blocks 5701632-5734399) [INODE_UNINIT, ITABLE_ZEROED]
  Checksum 0x77d2, unused inodes 8192
  Block bitmap at 5242894 (bg #160 + 14), Inode bitmap at 5242910 (bg #160 + 30)
  Inode表位于 5250080-5250591 (bg #160 + 7200)
  9083 free blocks, 8192 free inodes, 0 directories, 8192个未使用的inodes
  可用块数: 5702566-5702567, 5702588-5702591, 5702810-5702815, 5702844-5702847, 5702874-5702879, 5702897-5702911, 5702929-5702943, 5702969-5702975, 5703034-5703039, 5703061-5703071, 5703100-5703103, 5703160-5703679, 5707264-5707743, 5707771-5707775, 5709824-5710335, 5710450-5710591, 5710645-5710655, 5710662-5710687, 5710711-5710815, 5710847-5711871, 5712931-5712959, 5712993-5713023, 5713093-5713119, 5713137-5713151, 5713378-5713535, 5713579-5713599, 5713628-5713631, 5713662-5713919, 5715970-5715983, 5715986-5715999, 5716024-5716031, 5716078-5716095, 5716117-5716127, 5716153-5716159, 5716197-5716479, 5716909-5716927, 5716961-5716991, 5717504-5717823, 5717849-5717855, 5717886-5717887, 5717945-5717951, 5718009-5718015, 5722112-5723135, 5723205-5723967, 5724012-5724031, 5724054-5724063, 5724087-5724095, 5724114-5724127, 5724146-5724159, 5728768-5731327, 5731400-5731839, 5731943-5731974
  可用inode数: 1425409-1433600
Group 175: (Blocks 5734400-5767167) [INODE_UNINIT, ITABLE_ZEROED]
  Checksum 0x1088, unused inodes 8192
  Block bitmap at 5242895 (bg #160 + 15), Inode bitmap at 5242911 (bg #160 + 31)
  Inode表位于 5250592-5251103 (bg #160 + 7712)
  0 free blocks, 8192 free inodes, 0 directories, 8192个未使用的inodes
  可用块数: 
  可用inode数: 1433601-1441792
Group 176: (Blocks 5767168-5799935) [INODE_UNINIT, ITABLE_ZEROED]
  Checksum 0x25f3, unused inodes 8192
  Block bitmap at 5767168 (+0), Inode bitmap at 5767184 (+16)
  Inode表位于 5767200-5767711 (+32)
  24131 free blocks, 8192 free inodes, 0 directories, 8192个未使用的inodes
  可用块数: 5775805-5799935
  可用inode数: 1441793-1449984
Group 177: (Blocks 5799936-5832703) [INODE_UNINIT, ITABLE_ZEROED]
  Checksum 0x6795, unused inodes 8192
  Block bitmap at 5767169 (bg #176 + 1), Inode bitmap at 5767185 (bg #176 + 17)
  Inode表位于 5767712-5768223 (bg #176 + 544)
  0 free blocks, 8192 free inodes, 0 directories, 8192个未使用的inodes
  可用块数: 
  可用inode数: 1449985-1458176
Group 178: (Blocks 5832704-5865471) [INODE_UNINIT, ITABLE_ZEROED]
  Checksum 0xc6fb, unused inodes 8192
  Block bitmap at 5767170 (bg #176 + 2), Inode bitmap at 5767186 (bg #176 + 18)
  Inode表位于 5768224-5768735 (bg #176 + 1056)
  0 free blocks, 8192 free inodes, 0 directories, 8192个未使用的inodes
  可用块数: 
  可用inode数: 1458177-1466368
Group 179: (Blocks 5865472-5898239) [INODE_UNINIT, ITABLE_ZEROED]
  Checksum 0x6620, unused inodes 8192
  Block bitmap at 5767171 (bg #176 + 3), Inode bitmap at 5767187 (bg #176 + 19)
  Inode表位于 5768736-5769247 (bg #176 + 1568)
  0 free blocks, 8192 free inodes, 0 directories, 8192个未使用的inodes
  可用块数: 
  可用inode数: 1466369-1474560
Group 180: (Blocks 5898240-5931007) [INODE_UNINIT, ITABLE_ZEROED]
  Checksum 0xcaa6, unused inodes 8192
  Block bitmap at 5767172 (bg #176 + 4), Inode bitmap at 5767188 (bg #176 + 20)
  Inode表位于 5769248-5769759 (bg #176 + 2080)
  265 free blocks, 8192 free inodes, 0 directories, 8192个未使用的inodes
  可用块数: 5930743-5931007
  可用inode数: 1474561-1482752
Group 181: (Blocks 5931008-5963775) [INODE_UNINIT, ITABLE_ZEROED]
  Checksum 0x64ff, unused inodes 8192
  Block bitmap at 5767173 (bg #176 + 5), Inode bitmap at 5767189 (bg #176 + 21)
  Inode表位于 5769760-5770271 (bg #176 + 2592)
  0 free blocks, 8192 free inodes, 0 directories, 8192个未使用的inodes
  可用块数: 
  可用inode数: 1482753-1490944
Group 182: (Blocks 5963776-5996543) [INODE_UNINIT, ITABLE_ZEROED]
  Checksum 0xc591, unused inodes 8192
  Block bitmap at 5767174 (bg #176 + 6), Inode bitmap at 5767190 (bg #176 + 22)
  Inode表位于 5770272-5770783 (bg #176 + 3104)
  0 free blocks, 8192 free inodes, 0 directories, 8192个未使用的inodes
  可用块数: 
  可用inode数: 1490945-1499136
Group 183: (Blocks 5996544-6029311) [INODE_UNINIT, ITABLE_ZEROED]
  Checksum 0x654a, unused inodes 8192
  Block bitmap at 5767175 (bg #176 + 7), Inode bitmap at 5767191 (bg #176 + 23)
  Inode表位于 5770784-5771295 (bg #176 + 3616)
  0 free blocks, 8192 free inodes, 0 directories, 8192个未使用的inodes
  可用块数: 
  可用inode数: 1499137-1507328
Group 184: (Blocks 6029312-6062079) [INODE_UNINIT, ITABLE_ZEROED]
  Checksum 0xc19a, unused inodes 8192
  Block bitmap at 5767176 (bg #176 + 8), Inode bitmap at 5767192 (bg #176 + 24)
  Inode表位于 5771296-5771807 (bg #176 + 4128)
  0 free blocks, 8192 free inodes, 0 directories, 8192个未使用的inodes
  可用块数: 
  可用inode数: 1507329-1515520
Group 185: (Blocks 6062080-6094847) [INODE_UNINIT, ITABLE_ZEROED]
  Checksum 0x6141, unused inodes 8192
  Block bitmap at 5767177 (bg #176 + 9), Inode bitmap at 5767193 (bg #176 + 25)
  Inode表位于 5771808-5772319 (bg #176 + 4640)
  0 free blocks, 8192 free inodes, 0 directories, 8192个未使用的inodes
  可用块数: 
  可用inode数: 1515521-1523712
Group 186: (Blocks 6094848-6127615) [INODE_UNINIT, ITABLE_ZEROED]
  Checksum 0xc02f, unused inodes 8192
  Block bitmap at 5767178 (bg #176 + 10), Inode bitmap at 5767194 (bg #176 + 26)
  Inode表位于 5772320-5772831 (bg #176 + 5152)
  0 free blocks, 8192 free inodes, 0 directories, 8192个未使用的inodes
  可用块数: 
  可用inode数: 1523713-1531904
